Archive member included to satisfy reference by file (symbol)

/usr/lib/gcc/arm-none-eabi/13.2.0/../../../../arm-none-eabi/lib/thumb/v7e-m+fp/hard/libc_nano.a(libc_a-atexit.o)
                              /usr/lib/gcc/arm-none-eabi/13.2.0/../../../../arm-none-eabi/lib/thumb/v7e-m+fp/hard/crt0.o (atexit)
/usr/lib/gcc/arm-none-eabi/13.2.0/../../../../arm-none-eabi/lib/thumb/v7e-m+fp/hard/libc_nano.a(libc_a-exit.o)
                              /usr/lib/gcc/arm-none-eabi/13.2.0/../../../../arm-none-eabi/lib/thumb/v7e-m+fp/hard/crt0.o (exit)
/usr/lib/gcc/arm-none-eabi/13.2.0/../../../../arm-none-eabi/lib/thumb/v7e-m+fp/hard/libc_nano.a(libc_a-findfp.o)
                              /usr/lib/gcc/arm-none-eabi/13.2.0/../../../../arm-none-eabi/lib/thumb/v7e-m+fp/hard/libc_nano.a(libc_a-exit.o) (__stdio_exit_handler)
/usr/lib/gcc/arm-none-eabi/13.2.0/../../../../arm-none-eabi/lib/thumb/v7e-m+fp/hard/libc_nano.a(libc_a-fwalk.o)
                              /usr/lib/gcc/arm-none-eabi/13.2.0/../../../../arm-none-eabi/lib/thumb/v7e-m+fp/hard/libc_nano.a(libc_a-findfp.o) (_fwalk_sglue)
/usr/lib/gcc/arm-none-eabi/13.2.0/../../../../arm-none-eabi/lib/thumb/v7e-m+fp/hard/libc_nano.a(libc_a-printf.o)
                              build/main.o (printf)
/usr/lib/gcc/arm-none-eabi/13.2.0/../../../../arm-none-eabi/lib/thumb/v7e-m+fp/hard/libc_nano.a(libc_a-puts.o)
                              build/main.o (puts)
/usr/lib/gcc/arm-none-eabi/13.2.0/../../../../arm-none-eabi/lib/thumb/v7e-m+fp/hard/libc_nano.a(libc_a-stdio.o)
                              /usr/lib/gcc/arm-none-eabi/13.2.0/../../../../arm-none-eabi/lib/thumb/v7e-m+fp/hard/libc_nano.a(libc_a-findfp.o) (__sread)
/usr/lib/gcc/arm-none-eabi/13.2.0/../../../../arm-none-eabi/lib/thumb/v7e-m+fp/hard/libc_nano.a(libc_a-wbuf.o)
                              /usr/lib/gcc/arm-none-eabi/13.2.0/../../../../arm-none-eabi/lib/thumb/v7e-m+fp/hard/libc_nano.a(libc_a-puts.o) (__swbuf_r)
/usr/lib/gcc/arm-none-eabi/13.2.0/../../../../arm-none-eabi/lib/thumb/v7e-m+fp/hard/libc_nano.a(libc_a-wsetup.o)
                              /usr/lib/gcc/arm-none-eabi/13.2.0/../../../../arm-none-eabi/lib/thumb/v7e-m+fp/hard/libc_nano.a(libc_a-puts.o) (__swsetup_r)
/usr/lib/gcc/arm-none-eabi/13.2.0/../../../../arm-none-eabi/lib/thumb/v7e-m+fp/hard/libc_nano.a(libc_a-memset.o)
                              /usr/lib/gcc/arm-none-eabi/13.2.0/../../../../arm-none-eabi/lib/thumb/v7e-m+fp/hard/crt0.o (memset)
/usr/lib/gcc/arm-none-eabi/13.2.0/../../../../arm-none-eabi/lib/thumb/v7e-m+fp/hard/libc_nano.a(libc_a-closer.o)
                              /usr/lib/gcc/arm-none-eabi/13.2.0/../../../../arm-none-eabi/lib/thumb/v7e-m+fp/hard/libc_nano.a(libc_a-stdio.o) (_close_r)
/usr/lib/gcc/arm-none-eabi/13.2.0/../../../../arm-none-eabi/lib/thumb/v7e-m+fp/hard/libc_nano.a(libc_a-reent.o)
                              /usr/lib/gcc/arm-none-eabi/13.2.0/../../../../arm-none-eabi/lib/thumb/v7e-m+fp/hard/libc_nano.a(libc_a-closer.o) (errno)
/usr/lib/gcc/arm-none-eabi/13.2.0/../../../../arm-none-eabi/lib/thumb/v7e-m+fp/hard/libc_nano.a(libc_a-impure.o)
                              /usr/lib/gcc/arm-none-eabi/13.2.0/../../../../arm-none-eabi/lib/thumb/v7e-m+fp/hard/libc_nano.a(libc_a-printf.o) (_impure_ptr)
/usr/lib/gcc/arm-none-eabi/13.2.0/../../../../arm-none-eabi/lib/thumb/v7e-m+fp/hard/libc_nano.a(libc_a-lseekr.o)
                              /usr/lib/gcc/arm-none-eabi/13.2.0/../../../../arm-none-eabi/lib/thumb/v7e-m+fp/hard/libc_nano.a(libc_a-stdio.o) (_lseek_r)
/usr/lib/gcc/arm-none-eabi/13.2.0/../../../../arm-none-eabi/lib/thumb/v7e-m+fp/hard/libc_nano.a(libc_a-readr.o)
                              /usr/lib/gcc/arm-none-eabi/13.2.0/../../../../arm-none-eabi/lib/thumb/v7e-m+fp/hard/libc_nano.a(libc_a-stdio.o) (_read_r)
/usr/lib/gcc/arm-none-eabi/13.2.0/../../../../arm-none-eabi/lib/thumb/v7e-m+fp/hard/libc_nano.a(libc_a-writer.o)
                              /usr/lib/gcc/arm-none-eabi/13.2.0/../../../../arm-none-eabi/lib/thumb/v7e-m+fp/hard/libc_nano.a(libc_a-stdio.o) (_write_r)
/usr/lib/gcc/arm-none-eabi/13.2.0/../../../../arm-none-eabi/lib/thumb/v7e-m+fp/hard/libc_nano.a(libc_a-init.o)
                              /usr/lib/gcc/arm-none-eabi/13.2.0/../../../../arm-none-eabi/lib/thumb/v7e-m+fp/hard/crt0.o (__libc_init_array)
/usr/lib/gcc/arm-none-eabi/13.2.0/../../../../arm-none-eabi/lib/thumb/v7e-m+fp/hard/libc_nano.a(libc_a-fini.o)
                              /usr/lib/gcc/arm-none-eabi/13.2.0/../../../../arm-none-eabi/lib/thumb/v7e-m+fp/hard/crt0.o (__libc_fini_array)
/usr/lib/gcc/arm-none-eabi/13.2.0/../../../../arm-none-eabi/lib/thumb/v7e-m+fp/hard/libc_nano.a(libc_a-lock.o)
                              /usr/lib/gcc/arm-none-eabi/13.2.0/../../../../arm-none-eabi/lib/thumb/v7e-m+fp/hard/libc_nano.a(libc_a-findfp.o) (__retarget_lock_init_recursive)
/usr/lib/gcc/arm-none-eabi/13.2.0/../../../../arm-none-eabi/lib/thumb/v7e-m+fp/hard/libc_nano.a(libc_a-__atexit.o)
[...]
Memory Configuration

Name             Origin             Length             Attributes
RAM              0x20000000         0x00020000         xrw
CCMRAM           0x10000000         0x00010000         xrw
FLASH            0x08000000         0x00100000         xr
*default*        0x00000000         0xffffffff

Linker script and memory map

LOAD /usr/lib/gcc/arm-none-eabi/13.2.0/thumb/v7e-m+fp/hard/crti.o
LOAD /usr/lib/gcc/arm-none-eabi/13.2.0/thumb/v7e-m+fp/hard/crtbegin.o
LOAD /usr/lib/gcc/arm-none-eabi/13.2.0/../../../../arm-none-eabi/lib/thumb/v7e-m+fp/hard/crt0.o
LOAD build/main.o
LOAD build/stm32f4xx_it.o
LOAD build/stm32f4xx_hal_msp.o
LOAD build/gpio.o
LOAD build/can.o
LOAD build/i2c.o
LOAD build/usart.o
LOAD build/pid.o
LOAD build/bsp_can.o
LOAD build/usb_device.o
LOAD build/usbd_desc.o
LOAD build/usbd_conf.o
LOAD build/stm32f4xx_hal_pcd.o
LOAD build/stm32f4xx_hal_pcd_ex.o
LOAD build/stm32f4xx_ll_usb.o
LOAD build/stm32f4xx_hal_rcc.o
LOAD build/stm32f4xx_hal_rcc_ex.o
LOAD build/stm32f4xx_hal_flash.o
LOAD build/stm32f4xx_hal_flash_ex.o
LOAD build/stm32f4xx_hal_flash_ramfunc.o
LOAD build/stm32f4xx_hal_gpio.o
LOAD build/stm32f4xx_hal_dma_ex.o
LOAD build/stm32f4xx_hal_dma.o
LOAD build/stm32f4xx_hal_pwr.o
LOAD build/stm32f4xx_hal_pwr_ex.o
LOAD build/stm32f4xx_hal_cortex.o
LOAD build/stm32f4xx_hal.o
LOAD build/stm32f4xx_hal_exti.o
LOAD build/stm32f4xx_hal_can.o
LOAD build/stm32f4xx_hal_i2c.o
LOAD build/stm32f4xx_hal_i2c_ex.o
LOAD build/stm32f4xx_hal_tim.o
LOAD build/stm32f4xx_hal_tim_ex.o
LOAD build/stm32f4xx_hal_uart.o
LOAD build/system_stm32f4xx.o
LOAD build/usbd_core.o
LOAD build/usbd_ctlreq.o
LOAD build/usbd_ioreq.o
LOAD build/usbd_hid.o
LOAD build/startup_stm32f407xx.o
LOAD /usr/lib/gcc/arm-none-eabi/13.2.0/../../../../arm-none-eabi/lib/thumb/v7e-m+fp/hard/libc_nano.a
LOAD /usr/lib/gcc/arm-none-eabi/13.2.0/../../../../arm-none-eabi/lib/thumb/v7e-m+fp/hard/libm.a
LOAD /usr/lib/gcc/arm-none-eabi/13.2.0/../../../../arm-none-eabi/lib/thumb/v7e-m+fp/hard/libnosys.a
START GROUP
LOAD /usr/lib/gcc/arm-none-eabi/13.2.0/thumb/v7e-m+fp/hard/libgcc.a
LOAD /usr/lib/gcc/arm-none-eabi/13.2.0/../../../../arm-none-eabi/lib/thumb/v7e-m+fp/hard/libc_nano.a
END GROUP
START GROUP
LOAD /usr/lib/gcc/arm-none-eabi/13.2.0/thumb/v7e-m+fp/hard/libgcc.a
LOAD /usr/lib/gcc/arm-none-eabi/13.2.0/../../../../arm-none-eabi/lib/thumb/v7e-m+fp/hard/libc_nano.a
END GROUP
LOAD /usr/lib/gcc/arm-none-eabi/13.2.0/thumb/v7e-m+fp/hard/crtend.o
LOAD /usr/lib/gcc/arm-none-eabi/13.2.0/thumb/v7e-m+fp/hard/crtn.o
                0x20020000                        _estack = (ORIGIN (RAM) + LENGTH (RAM))
                0x00000200                        _Min_Heap_Size = 0x200
                0x00000400                        _Min_Stack_Size = 0x400

.isr_vector     0x08000000      0x188
                0x08000000                        . = ALIGN (0x4)
 *(.isr_vector)
 .isr_vector    0x08000000      0x188 build/startup_stm32f407xx.o
                0x08000000                g_pfnVectors
                0x08000188                        . = ALIGN (0x4)

.text           0x08000190     0x7db4
                0x08000190                        . = ALIGN (0x4)
 *(.text)
 .text          0x08000190       0xa0 /usr/lib/gcc/arm-none-eabi/13.2.0/../../../../arm-none-eabi/lib/thumb/v7e-m+fp/hard/libc_nano.a(libc_a-memchr.o)
                0x08000190                memchr
 .text          0x08000230      0x378 /usr/lib/gcc/arm-none-eabi/13.2.0/thumb/v7e-m+fp/hard/libgcc.a(_arm_addsubdf3.o)
                0x08000230                __aeabi_drsub
                0x08000238                __aeabi_dsub
                0x08000238                __subdf3
                0x0800023c                __adddf3
                0x0800023c                __aeabi_dadd
                0x080004b4                __aeabi_ui2d
                0x080004b4                __floatunsidf
                0x080004d4                __floatsidf
                0x080004d4                __aeabi_i2d
                0x080004f8                __extendsfdf2
                0x080004f8                __aeabi_f2d
                0x0800053c                __aeabi_ul2d
                0x0800053c                __floatundidf
                0x0800054c                __floatdidf
                0x0800054c                __aeabi_l2d
 .text          0x080005a8      0x424 /usr/lib/gcc/arm-none-eabi/13.2.0/thumb/v7e-m+fp/hard/libgcc.a(_arm_muldivdf3.o)
                0x080005a8                __aeabi_dmul
                0x080005a8                __muldf3
                0x080007fc                __aeabi_ddiv
                0x080007fc                __divdf3
 .text          0x080009cc       0x50 /usr/lib/gcc/arm-none-eabi/13.2.0/thumb/v7e-m+fp/hard/libgcc.a(_arm_fixdfsi.o)
                0x080009cc                __fixdfsi
                0x080009cc                __aeabi_d2iz
 .text          0x08000a1c       0x30 /usr/lib/gcc/arm-none-eabi/13.2.0/thumb/v7e-m+fp/hard/libgcc.a(_aeabi_uldivmod.o)
                0x08000a1c                __aeabi_uldivmod
 .text          0x08000a4c        0x4 /usr/lib/gcc/arm-none-eabi/13.2.0/thumb/v7e-m+fp/hard/libgcc.a(_dvmd_tls.o)
                0x08000a4c                __aeabi_ldiv0
                0x08000a4c                __aeabi_idiv0
 *(.text*)
 .text.__do_global_dtors_aux
                0x08000a50       0x24 /usr/lib/gcc/arm-none-eabi/13.2.0/thumb/v7e-m+fp/hard/crtbegin.o
 .text.frame_dummy
                0x08000a74       0x1c /usr/lib/gcc/arm-none-eabi/13.2.0/thumb/v7e-m+fp/hard/crtbegin.o
 .text.HAL_I2C_SlaveRxCpltCallback
                0x08000a90       0xec build/main.o
                0x08000a90                HAL_I2C_SlaveRxCpltCallback
 .text.Abs_angle_control_loop
                0x08000b7c      0x138 build/main.o
                0x08000b7c                Abs_angle_control_loop
 .text.Error_Handler
                0x08000cb4        0x4 build/main.o
                0x08000cb4                Error_Handler
 .text.SystemClock_Config
                0x08000cb8       0xa8 build/main.o
                0x08000cb8                SystemClock_Config
 .text.main     0x08000d60      0x1ec build/main.o
                0x08000d60                main
 .text.NMI_Handler
                0x08000f4c        0x2 build/stm32f4xx_it.o
                0x08000f4c                NMI_Handler
 .text.HardFault_Handler
                0x08000f4e        0x2 build/stm32f4xx_it.o
                0x08000f4e                HardFault_Handler
 .text.MemManage_Handler
                0x08000f50        0x2 build/stm32f4xx_it.o
                0x08000f50                MemManage_Handler
 .text.BusFault_Handler
                0x08000f52        0x2 build/stm32f4xx_it.o
                0x08000f52                BusFault_Handler
 .text.UsageFault_Handler
                0x08000f54        0x2 build/stm32f4xx_it.o
                0x08000f54                UsageFault_Handler
 .text.SVC_Handler
                0x08000f56        0x2 build/stm32f4xx_it.o
                0x08000f56                SVC_Handler
 .text.DebugMon_Handler
                0x08000f58        0x2 build/stm32f4xx_it.o
                0x08000f58                DebugMon_Handler
 .text.PendSV_Handler
                0x08000f5a        0x2 build/stm32f4xx_it.o
                0x08000f5a                PendSV_Handler
 .text.SysTick_Handler
                0x08000f5c        0x8 build/stm32f4xx_it.o
                0x08000f5c                SysTick_Handler
 .text.CAN1_TX_IRQHandler
                0x08000f64       0x10 build/stm32f4xx_it.o
                0x08000f64                CAN1_TX_IRQHandler
 .text.CAN1_RX0_IRQHandler
                0x08000f74       0x10 build/stm32f4xx_it.o
                0x08000f74                CAN1_RX0_IRQHandler
 .text.I2C2_EV_IRQHandler
                0x08000f84       0x10 build/stm32f4xx_it.o
                0x08000f84                I2C2_EV_IRQHandler
 .text.I2C2_ER_IRQHandler
                0x08000f94       0x10 build/stm32f4xx_it.o
                0x08000f94                I2C2_ER_IRQHandler
 .text.USART1_IRQHandler
                0x08000fa4       0x10 build/stm32f4xx_it.o
                0x08000fa4                USART1_IRQHandler
 .text.OTG_FS_IRQHandler
                0x08000fb4       0x10 build/stm32f4xx_it.o
                0x08000fb4                OTG_FS_IRQHandler
 .text.HAL_MspInit
                0x08000fc4       0x38 build/stm32f4xx_hal_msp.o
                0x08000fc4                HAL_MspInit
 .text.MX_GPIO_Init
                0x08000ffc       0xbc build/gpio.o
                0x08000ffc                MX_GPIO_Init
 .text.MX_CAN1_Init
                0x080010b8       0x44 build/can.o
                0x080010b8                MX_CAN1_Init
 .text.HAL_CAN_MspInit
                0x080010fc       0x8c build/can.o
                0x080010fc                HAL_CAN_MspInit
 .text.HAL_CAN_ErrorCallback
                0x08001188       0x14 build/can.o
                0x08001188                HAL_CAN_ErrorCallback
 .text.MX_I2C2_Init
                0x0800119c       0x3c build/i2c.o
                0x0800119c                MX_I2C2_Init
 .text.HAL_I2C_MspInit
                0x080011d8       0x8c build/i2c.o
                0x080011d8                HAL_I2C_MspInit
 .text.MX_USART1_UART_Init
                0x08001264       0x34 build/usart.o
                0x08001264                MX_USART1_UART_Init
 .text.HAL_UART_MspInit
                0x08001298       0xac build/usart.o
                0x08001298                HAL_UART_MspInit
 .text.pid_param_init
                0x08001344       0x60 build/pid.o
 .text.pid_reset
                0x080013a4        0xe build/pid.o
 .text.circle_err
                0x080013b2       0x1e build/pid.o
                0x080013b2                circle_err
 .text.pid_calculate
                0x080013d0      0x14c build/pid.o
 .text.pid_init
                0x0800151c       0x1c build/pid.o
                0x0800151c                pid_init
 .text.my_can_filter_init_recv_all
                0x08001538       0x28 build/bsp_can.o
                0x08001538                my_can_filter_init_recv_all
 .text.HAL_CAN_RxFifo0MsgPendingCallback
                0x08001560      0x140 build/bsp_can.o
                0x08001560                HAL_CAN_RxFifo0MsgPendingCallback
 .text.set_moto_current
                0x080016a0       0x60 build/bsp_can.o
                0x080016a0                set_moto_current
 .text.MX_USB_DEVICE_Init
                0x08001700       0x40 build/usb_device.o
                0x08001700                MX_USB_DEVICE_Init
 .text.USBD_FS_DeviceDescriptor
                0x08001740        0xc build/usbd_desc.o
                0x08001740                USBD_FS_DeviceDescriptor
 .text.USBD_FS_LangIDStrDescriptor
                0x0800174c        0xc build/usbd_desc.o
                0x0800174c                USBD_FS_LangIDStrDescriptor
 .text.IntToUnicode
                0x08001758       0x46 build/usbd_desc.o
 *fill*         0x0800179e        0x2 
 .text.Get_SerialNum
                0x080017a0       0x38 build/usbd_desc.o
 .text.USBD_FS_SerialStrDescriptor
                0x080017d8       0x14 build/usbd_desc.o
                0x080017d8                USBD_FS_SerialStrDescriptor
 .text.USBD_FS_ProductStrDescriptor
                0x080017ec       0x24 build/usbd_desc.o
                0x080017ec                USBD_FS_ProductStrDescriptor
 .text.USBD_FS_ManufacturerStrDescriptor
                0x08001810       0x1c build/usbd_desc.o
                0x08001810                USBD_FS_ManufacturerStrDescriptor
 .text.USBD_FS_ConfigStrDescriptor
                0x0800182c       0x24 build/usbd_desc.o
                0x0800182c                USBD_FS_ConfigStrDescriptor
 .text.USBD_FS_InterfaceStrDescriptor
                0x08001850       0x24 build/usbd_desc.o
                0x08001850                USBD_FS_InterfaceStrDescriptor
 .text.HAL_PCD_MspInit
                0x08001874       0x84 build/usbd_conf.o
                0x08001874                HAL_PCD_MspInit
 .text.HAL_PCD_SetupStageCallback
                0x080018f8       0x10 build/usbd_conf.o
                0x080018f8                HAL_PCD_SetupStageCallback
 .text.HAL_PCD_DataOutStageCallback
                0x08001908       0x18 build/usbd_conf.o
                0x08001908                HAL_PCD_DataOutStageCallback
 .text.HAL_PCD_DataInStageCallback
                0x08001920       0x16 build/usbd_conf.o
                0x08001920                HAL_PCD_DataInStageCallback
 .text.HAL_PCD_SOFCallback
                0x08001936        0xc build/usbd_conf.o
                0x08001936                HAL_PCD_SOFCallback
 .text.HAL_PCD_ResetCallback
                0x08001942       0x2c build/usbd_conf.o
                0x08001942                HAL_PCD_ResetCallback
 *fill*         0x0800196e        0x2 
 .text.HAL_PCD_SuspendCallback
                0x08001970       0x30 build/usbd_conf.o
                0x08001970                HAL_PCD_SuspendCallback
 .text.HAL_PCD_ResumeCallback
                0x080019a0        0xc build/usbd_conf.o
                0x080019a0                HAL_PCD_ResumeCallback
 .text.HAL_PCD_ISOOUTIncompleteCallback
                0x080019ac        0xc build/usbd_conf.o
                0x080019ac                HAL_PCD_ISOOUTIncompleteCallback
 .text.HAL_PCD_ISOINIncompleteCallback
                0x080019b8        0xc build/usbd_conf.o
                0x080019b8                HAL_PCD_ISOINIncompleteCallback
 .text.HAL_PCD_ConnectCallback
                0x080019c4        0xc build/usbd_conf.o
                0x080019c4                HAL_PCD_ConnectCallback
 .text.HAL_PCD_DisconnectCallback
                0x080019d0        0xc build/usbd_conf.o
                0x080019d0                HAL_PCD_DisconnectCallback
 .text.USBD_LL_Init
                0x080019dc       0x68 build/usbd_conf.o
                0x080019dc                USBD_LL_Init
 .text.USBD_LL_IsStallEP
                0x08001a44       0x2e build/usbd_conf.o
                0x08001a44                USBD_LL_IsStallEP
 *fill*         0x08001a72        0x2 
 .text.USBD_static_malloc
                0x08001a74        0x8 build/usbd_conf.o
                0x08001a74                USBD_static_malloc
 .text.USBD_static_free
                0x08001a7c        0x2 build/usbd_conf.o
                0x08001a7c                USBD_static_free
 .text.USBD_Get_USB_Status
                0x08001a7e       0x14 build/usbd_conf.o
                0x08001a7e                USBD_Get_USB_Status
 .text.USBD_LL_Start
                0x08001a92       0x10 build/usbd_conf.o
                0x08001a92                USBD_LL_Start
 .text.USBD_LL_OpenEP
                0x08001aa2       0x16 build/usbd_conf.o
                0x08001aa2                USBD_LL_OpenEP
 .text.USBD_LL_CloseEP
                0x08001ab8       0x10 build/usbd_conf.o
                0x08001ab8                USBD_LL_CloseEP
 .text.USBD_LL_StallEP
                0x08001ac8       0x10 build/usbd_conf.o
                0x08001ac8                USBD_LL_StallEP
 .text.USBD_LL_ClearStallEP
                0x08001ad8       0x10 build/usbd_conf.o
                0x08001ad8                USBD_LL_ClearStallEP
 .text.USBD_LL_SetUSBAddress
                0x08001ae8       0x10 build/usbd_conf.o
                0x08001ae8                USBD_LL_SetUSBAddress
 .text.USBD_LL_Transmit
                0x08001af8       0x10 build/usbd_conf.o
                0x08001af8                USBD_LL_Transmit
 .text.USBD_LL_PrepareReceive
                0x08001b08       0x10 build/usbd_conf.o
                0x08001b08                USBD_LL_PrepareReceive
 .text.PCD_WriteEmptyTxFifo
                0x08001b18       0xd0 build/stm32f4xx_hal_pcd.o
 .text.HAL_PCD_Init
                0x08001be8      0x12e build/stm32f4xx_hal_pcd.o
                0x08001be8                HAL_PCD_Init
 .text.HAL_PCD_Start
                0x08001d16       0x42 build/stm32f4xx_hal_pcd.o
                0x08001d16                HAL_PCD_Start
 .text.PCD_EP_OutXfrComplete_int
                0x08001d58      0x104 build/stm32f4xx_hal_pcd.o
 .text.PCD_EP_OutSetupPacket_int
                0x08001e5c       0x50 build/stm32f4xx_hal_pcd.o
 .text.HAL_PCD_SetAddress
                0x08001eac       0x28 build/stm32f4xx_hal_pcd.o
                0x08001eac                HAL_PCD_SetAddress
 .text.HAL_PCD_EP_Open
                0x08001ed4       0x8a build/stm32f4xx_hal_pcd.o
                0x08001ed4                HAL_PCD_EP_Open
 .text.HAL_PCD_EP_Close
                0x08001f5e       0x72 build/stm32f4xx_hal_pcd.o
                0x08001f5e                HAL_PCD_EP_Close
 .text.HAL_PCD_EP_Receive
                0x08001fd0       0x5e build/stm32f4xx_hal_pcd.o
                0x08001fd0                HAL_PCD_EP_Receive
 .text.HAL_PCD_EP_Transmit
                0x0800202e       0x5e build/stm32f4xx_hal_pcd.o
                0x0800202e                HAL_PCD_EP_Transmit
 .text.HAL_PCD_EP_SetStall
                0x0800208c       0x88 build/stm32f4xx_hal_pcd.o
                0x0800208c                HAL_PCD_EP_SetStall
 .text.HAL_PCD_EP_ClrStall
                0x08002114       0x76 build/stm32f4xx_hal_pcd.o
                0x08002114                HAL_PCD_EP_ClrStall
 .text.HAL_PCD_EP_Abort
                0x0800218a       0x34 build/stm32f4xx_hal_pcd.o
                0x0800218a                HAL_PCD_EP_Abort
 .text.HAL_PCD_IRQHandler
                0x080021be      0x5c8 build/stm32f4xx_hal_pcd.o
                0x080021be                HAL_PCD_IRQHandler
 .text.HAL_PCDEx_SetTxFiFo
                0x08002786       0x4c build/stm32f4xx_hal_pcd_ex.o
                0x08002786                HAL_PCDEx_SetTxFiFo
 .text.HAL_PCDEx_SetRxFiFo
                0x080027d2        0x8 build/stm32f4xx_hal_pcd_ex.o
                0x080027d2                HAL_PCDEx_SetRxFiFo
 .text.HAL_PCDEx_LPM_Callback
                0x080027da        0x2 build/stm32f4xx_hal_pcd_ex.o
                0x080027da                HAL_PCDEx_LPM_Callback
 .text.USB_CoreReset
                0x080027dc       0x50 build/stm32f4xx_ll_usb.o
 .text.USB_CoreInit
                0x0800282c       0x8a build/stm32f4xx_ll_usb.o
                0x0800282c                USB_CoreInit
 *fill*         0x080028b6        0x2 
 .text.USB_SetTurnaroundTime
                0x080028b8       0xe4 build/stm32f4xx_ll_usb.o
                0x080028b8                USB_SetTurnaroundTime
 .text.USB_EnableGlobalInt
                0x0800299c        0xc build/stm32f4xx_ll_usb.o
                0x0800299c                USB_EnableGlobalInt
 .text.USB_DisableGlobalInt
                0x080029a8        0xc build/stm32f4xx_ll_usb.o
                0x080029a8                USB_DisableGlobalInt
 .text.USB_FlushTxFifo
                0x080029b4       0x50 build/stm32f4xx_ll_usb.o
                0x080029b4                USB_FlushTxFifo
 .text.USB_FlushRxFifo
                0x08002a04       0x4c build/stm32f4xx_ll_usb.o
                0x08002a04                USB_FlushRxFifo
 .text.USB_SetDevSpeed
                0x08002a50        0xe build/stm32f4xx_ll_usb.o
                0x08002a50                USB_SetDevSpeed
 *fill*         0x08002a5e        0x2 
 .text.USB_DevInit
                0x08002a60      0x190 build/stm32f4xx_ll_usb.o
                0x08002a60                USB_DevInit
 .text.USB_GetDevSpeed
                0x08002bf0       0x22 build/stm32f4xx_ll_usb.o
                0x08002bf0                USB_GetDevSpeed
 .text.USB_ActivateEndpoint
                0x08002c12       0x9a build/stm32f4xx_ll_usb.o
                0x08002c12                USB_ActivateEndpoint
 .text.USB_DeactivateEndpoint
                0x08002cac       0xe0 build/stm32f4xx_ll_usb.o
                0x08002cac                USB_DeactivateEndpoint
 .text.USB_EP0StartXfer
                0x08002d8c      0x118 build/stm32f4xx_ll_usb.o
                0x08002d8c                USB_EP0StartXfer
 .text.USB_EPStopXfer
                0x08002ea4       0xbe build/stm32f4xx_ll_usb.o
                0x08002ea4                USB_EPStopXfer
 .text.USB_WritePacket
                0x08002f62       0x2e build/stm32f4xx_ll_usb.o
                0x08002f62                USB_WritePacket
 .text.USB_EPStartXfer
                0x08002f90      0x228 build/stm32f4xx_ll_usb.o
                0x08002f90                USB_EPStartXfer
 .text.USB_ReadPacket
                0x080031b8       0x46 build/stm32f4xx_ll_usb.o
                0x080031b8                USB_ReadPacket
 .text.USB_EPSetStall
                0x080031fe       0x5a build/stm32f4xx_ll_usb.o
                0x080031fe                USB_EPSetStall
 .text.USB_EPClearStall
                0x08003258       0x5c build/stm32f4xx_ll_usb.o
                0x08003258                USB_EPClearStall
 .text.USB_SetDevAddress
                0x080032b4       0x20 build/stm32f4xx_ll_usb.o
                0x080032b4                USB_SetDevAddress
 .text.USB_DevConnect
                0x080032d4       0x1c build/stm32f4xx_ll_usb.o
                0x080032d4                USB_DevConnect
 .text.USB_DevDisconnect
                0x080032f0       0x1c build/stm32f4xx_ll_usb.o
                0x080032f0                USB_DevDisconnect
 .text.USB_ReadInterrupts
                0x0800330c        0x8 build/stm32f4xx_ll_usb.o
                0x0800330c                USB_ReadInterrupts
 .text.USB_ReadDevAllOutEpInterrupt
                0x08003314       0x10 build/stm32f4xx_ll_usb.o
                0x08003314                USB_ReadDevAllOutEpInterrupt
 .text.USB_ReadDevAllInEpInterrupt
                0x08003324       0x10 build/stm32f4xx_ll_usb.o
                0x08003324                USB_ReadDevAllInEpInterrupt
 .text.USB_ReadDevOutEPInterrupt
                0x08003334       0x12 build/stm32f4xx_ll_usb.o
                0x08003334                USB_ReadDevOutEPInterrupt
 .text.USB_ReadDevInEPInterrupt
                0x08003346       0x24 build/stm32f4xx_ll_usb.o
                0x08003346                USB_ReadDevInEPInterrupt
 .text.USB_GetMode
                0x0800336a        0x8 build/stm32f4xx_ll_usb.o
                0x0800336a                USB_GetMode
 .text.USB_SetCurrentMode
                0x08003372       0x62 build/stm32f4xx_ll_usb.o
                0x08003372                USB_SetCurrentMode
 .text.USB_ActivateSetup
                0x080033d4       0x1c build/stm32f4xx_ll_usb.o
                0x080033d4                USB_ActivateSetup
 .text.USB_EP0_OutStart
                0x080033f0       0x60 build/stm32f4xx_ll_usb.o
                0x080033f0                USB_EP0_OutStart
 .text.HAL_RCC_OscConfig
                0x08003450      0x3f8 build/stm32f4xx_hal_rcc.o
                0x08003450                HAL_RCC_OscConfig
 .text.HAL_RCC_GetSysClockFreq
                0x08003848       0xa8 build/stm32f4xx_hal_rcc.o
                0x08003848                HAL_RCC_GetSysClockFreq
 .text.HAL_RCC_ClockConfig
                0x080038f0      0x160 build/stm32f4xx_hal_rcc.o
                0x080038f0                HAL_RCC_ClockConfig
 .text.HAL_RCC_GetHCLKFreq
                0x08003a50        0xc build/stm32f4xx_hal_rcc.o
                0x08003a50                HAL_RCC_GetHCLKFreq
 .text.HAL_RCC_GetPCLK1Freq
                0x08003a5c       0x20 build/stm32f4xx_hal_rcc.o
                0x08003a5c                HAL_RCC_GetPCLK1Freq
 .text.HAL_RCC_GetPCLK2Freq
                0x08003a7c       0x20 build/stm32f4xx_hal_rcc.o
                0x08003a7c                HAL_RCC_GetPCLK2Freq
 .text.HAL_GPIO_Init
                0x08003a9c      0x1ec build/stm32f4xx_hal_gpio.o
                0x08003a9c                HAL_GPIO_Init
 .text.HAL_GPIO_WritePin
                0x08003c88        0xc build/stm32f4xx_hal_gpio.o
                0x08003c88                HAL_GPIO_WritePin
 .text.HAL_GPIO_TogglePin
                0x08003c94       0x12 build/stm32f4xx_hal_gpio.o
                0x08003c94                HAL_GPIO_TogglePin
 .text.HAL_DMA_Abort
                0x08003ca6       0x94 build/stm32f4xx_hal_dma.o
                0x08003ca6                HAL_DMA_Abort
 .text.HAL_DMA_Abort_IT
                0x08003d3a       0x26 build/stm32f4xx_hal_dma.o
                0x08003d3a                HAL_DMA_Abort_IT
 .text.HAL_DMA_GetState
                0x08003d60        0x6 build/stm32f4xx_hal_dma.o
                0x08003d60                HAL_DMA_GetState
 *fill*         0x08003d66        0x2 
 .text.__NVIC_SetPriority
                0x08003d68       0x28 build/stm32f4xx_hal_cortex.o
 .text.NVIC_EncodePriority
                0x08003d90       0x3e build/stm32f4xx_hal_cortex.o
 *fill*         0x08003dce        0x2 
 .text.HAL_NVIC_SetPriorityGrouping
                0x08003dd0       0x24 build/stm32f4xx_hal_cortex.o
                0x08003dd0                HAL_NVIC_SetPriorityGrouping
 .text.HAL_NVIC_SetPriority
                0x08003df4       0x20 build/stm32f4xx_hal_cortex.o
                0x08003df4                HAL_NVIC_SetPriority
 .text.HAL_NVIC_EnableIRQ
                0x08003e14       0x1c build/stm32f4xx_hal_cortex.o
                0x08003e14                HAL_NVIC_EnableIRQ
 .text.HAL_SYSTICK_Config
                0x08003e30       0x28 build/stm32f4xx_hal_cortex.o
                0x08003e30                HAL_SYSTICK_Config
 .text.HAL_InitTick
                0x08003e58       0x4c build/stm32f4xx_hal.o
                0x08003e58                HAL_InitTick
 .text.HAL_Init
                0x08003ea4       0x34 build/stm32f4xx_hal.o
                0x08003ea4                HAL_Init
 .text.HAL_IncTick
                0x08003ed8       0x18 build/stm32f4xx_hal.o
                0x08003ed8                HAL_IncTick
 .text.HAL_GetTick
                0x08003ef0        0xc build/stm32f4xx_hal.o
                0x08003ef0                HAL_GetTick
 .text.HAL_Delay
                0x08003efc       0x28 build/stm32f4xx_hal.o
                0x08003efc                HAL_Delay
 .text.HAL_CAN_Init
                0x08003f24      0x14c build/stm32f4xx_hal_can.o
                0x08003f24                HAL_CAN_Init
 .text.HAL_CAN_ConfigFilter
                0x08004070      0x138 build/stm32f4xx_hal_can.o
                0x08004070                HAL_CAN_ConfigFilter
 .text.HAL_CAN_Start
                0x080041a8       0x5c build/stm32f4xx_hal_can.o
                0x080041a8                HAL_CAN_Start
 .text.HAL_CAN_AddTxMessage
                0x08004204       0xfc build/stm32f4xx_hal_can.o
                0x08004204                HAL_CAN_AddTxMessage
 .text.HAL_CAN_GetRxMessage
                0x08004300      0x14a build/stm32f4xx_hal_can.o
                0x08004300                HAL_CAN_GetRxMessage
 .text.HAL_CAN_ActivateNotification
                0x0800444a       0x24 build/stm32f4xx_hal_can.o
                0x0800444a                HAL_CAN_ActivateNotification
 .text.HAL_CAN_TxMailbox0CompleteCallback
                0x0800446e        0x2 build/stm32f4xx_hal_can.o
                0x0800446e                HAL_CAN_TxMailbox0CompleteCallback
 .text.HAL_CAN_TxMailbox1CompleteCallback
                0x08004470        0x2 build/stm32f4xx_hal_can.o
                0x08004470                HAL_CAN_TxMailbox1CompleteCallback
 .text.HAL_CAN_TxMailbox2CompleteCallback
                0x08004472        0x2 build/stm32f4xx_hal_can.o
                0x08004472                HAL_CAN_TxMailbox2CompleteCallback
 .text.HAL_CAN_TxMailbox0AbortCallback
                0x08004474        0x2 build/stm32f4xx_hal_can.o
                0x08004474                HAL_CAN_TxMailbox0AbortCallback
 .text.HAL_CAN_TxMailbox1AbortCallback
                0x08004476        0x2 build/stm32f4xx_hal_can.o
                0x08004476                HAL_CAN_TxMailbox1AbortCallback
 .text.HAL_CAN_TxMailbox2AbortCallback
                0x08004478        0x2 build/stm32f4xx_hal_can.o
                0x08004478                HAL_CAN_TxMailbox2AbortCallback
 .text.HAL_CAN_RxFifo0FullCallback
                0x0800447a        0x2 build/stm32f4xx_hal_can.o
                0x0800447a                HAL_CAN_RxFifo0FullCallback
 .text.HAL_CAN_RxFifo1MsgPendingCallback
                0x0800447c        0x2 build/stm32f4xx_hal_can.o
                0x0800447c                HAL_CAN_RxFifo1MsgPendingCallback
 .text.HAL_CAN_RxFifo1FullCallback
                0x0800447e        0x2 build/stm32f4xx_hal_can.o
                0x0800447e                HAL_CAN_RxFifo1FullCallback
 .text.HAL_CAN_SleepCallback
                0x08004480        0x2 build/stm32f4xx_hal_can.o
                0x08004480                HAL_CAN_SleepCallback
 .text.HAL_CAN_WakeUpFromRxMsgCallback
                0x08004482        0x2 build/stm32f4xx_hal_can.o
                0x08004482                HAL_CAN_WakeUpFromRxMsgCallback
 .text.HAL_CAN_IRQHandler
                0x08004484      0x250 build/stm32f4xx_hal_can.o
                0x08004484                HAL_CAN_IRQHandler
 .text.I2C_Master_SB
                0x080046d4       0xa8 build/stm32f4xx_hal_i2c.o
 .text.I2C_Master_ADD10
                0x0800477c       0x2a build/stm32f4xx_hal_i2c.o
 *fill*         0x080047a6        0x2 
 .text.I2C_Master_ADDR
                0x080047a8      0x230 build/stm32f4xx_hal_i2c.o
 .text.I2C_SlaveTransmit_BTF
                0x080049d8       0x20 build/stm32f4xx_hal_i2c.o
 .text.I2C_SlaveReceive_BTF
                0x080049f8       0x20 build/stm32f4xx_hal_i2c.o
 .text.I2C_WaitOnSTOPRequestThroughIT
                0x08004a18       0x48 build/stm32f4xx_hal_i2c.o
 .text.I2C_ConvertOtherXferOptions
                0x08004a60       0x1e build/stm32f4xx_hal_i2c.o
 *fill*         0x08004a7e        0x2 
 .text.HAL_I2C_Init
                0x08004a80      0x1bc build/stm32f4xx_hal_i2c.o
                0x08004a80                HAL_I2C_Init
 .text.HAL_I2C_Slave_Receive_IT
                0x08004c3c       0x90 build/stm32f4xx_hal_i2c.o
                0x08004c3c                HAL_I2C_Slave_Receive_IT
 .text.HAL_I2C_MasterTxCpltCallback
                0x08004ccc        0x2 build/stm32f4xx_hal_i2c.o
                0x08004ccc                HAL_I2C_MasterTxCpltCallback
 .text.HAL_I2C_MasterRxCpltCallback
                0x08004cce        0x2 build/stm32f4xx_hal_i2c.o
                0x08004cce                HAL_I2C_MasterRxCpltCallback
 .text.HAL_I2C_SlaveTxCpltCallback
                0x08004cd0        0x2 build/stm32f4xx_hal_i2c.o
                0x08004cd0                HAL_I2C_SlaveTxCpltCallback
 .text.I2C_SlaveTransmit_TXE
                0x08004cd2       0x4c build/stm32f4xx_hal_i2c.o
 .text.I2C_SlaveReceive_RXNE
                0x08004d1e       0x4c build/stm32f4xx_hal_i2c.o
 .text.HAL_I2C_AddrCallback
                0x08004d6a        0x2 build/stm32f4xx_hal_i2c.o
                0x08004d6a                HAL_I2C_AddrCallback
 .text.I2C_Slave_ADDR
                0x08004d6c       0x5a build/stm32f4xx_hal_i2c.o
 .text.HAL_I2C_ListenCpltCallback
                0x08004dc6        0x2 build/stm32f4xx_hal_i2c.o
                0x08004dc6                HAL_I2C_ListenCpltCallback
 .text.I2C_Slave_AF
                0x08004dc8       0x94 build/stm32f4xx_hal_i2c.o
 .text.HAL_I2C_MemTxCpltCallback
                0x08004e5c        0x2 build/stm32f4xx_hal_i2c.o
                0x08004e5c                HAL_I2C_MemTxCpltCallback
 .text.I2C_MasterTransmit_BTF
                0x08004e5e       0x9e build/stm32f4xx_hal_i2c.o
 .text.I2C_MemoryTransmit_TXE_BTF
                0x08004efc       0xbe build/stm32f4xx_hal_i2c.o
 .text.I2C_MasterTransmit_TXE
                0x08004fba       0xd4 build/stm32f4xx_hal_i2c.o
 .text.HAL_I2C_MemRxCpltCallback
                0x0800508e        0x2 build/stm32f4xx_hal_i2c.o
                0x0800508e                HAL_I2C_MemRxCpltCallback
 .text.I2C_MasterReceive_BTF
                0x08005090      0x132 build/stm32f4xx_hal_i2c.o
 .text.HAL_I2C_ErrorCallback
                0x080051c2        0x2 build/stm32f4xx_hal_i2c.o
                0x080051c2                HAL_I2C_ErrorCallback
 .text.I2C_MasterReceive_RXNE
                0x080051c4       0xf6 build/stm32f4xx_hal_i2c.o
 .text.HAL_I2C_AbortCpltCallback
                0x080052ba        0x2 build/stm32f4xx_hal_i2c.o
                0x080052ba                HAL_I2C_AbortCpltCallback
 .text.I2C_DMAAbort
                0x080052bc       0xe4 build/stm32f4xx_hal_i2c.o
 .text.I2C_ITError
                0x080053a0      0x178 build/stm32f4xx_hal_i2c.o
 .text.I2C_Slave_STOPF
                0x08005518      0x18c build/stm32f4xx_hal_i2c.o
 .text.HAL_I2C_EV_IRQHandler
                0x080056a4      0x1a0 build/stm32f4xx_hal_i2c.o
                0x080056a4                HAL_I2C_EV_IRQHandler
 .text.HAL_I2C_ER_IRQHandler
                0x08005844       0xc4 build/stm32f4xx_hal_i2c.o
                0x08005844                HAL_I2C_ER_IRQHandler
 .text.UART_EndRxTransfer
                0x08005908       0x5c build/stm32f4xx_hal_uart.o
 .text.UART_Transmit_IT
                0x08005964       0x60 build/stm32f4xx_hal_uart.o
 .text.UART_SetConfig
                0x080059c4      0x110 build/stm32f4xx_hal_uart.o
 .text.HAL_UART_Init
                0x08005ad4       0x5e build/stm32f4xx_hal_uart.o
                0x08005ad4                HAL_UART_Init
 .text.HAL_UART_TxCpltCallback
                0x08005b32        0x2 build/stm32f4xx_hal_uart.o
                0x08005b32                HAL_UART_TxCpltCallback
 .text.UART_EndTransmit_IT
                0x08005b34       0x1a build/stm32f4xx_hal_uart.o
 .text.HAL_UART_RxCpltCallback
                0x08005b4e        0x2 build/stm32f4xx_hal_uart.o
                0x08005b4e                HAL_UART_RxCpltCallback
 .text.HAL_UART_ErrorCallback
                0x08005b50        0x2 build/stm32f4xx_hal_uart.o
                0x08005b50                HAL_UART_ErrorCallback
 .text.UART_DMAAbortOnError
                0x08005b52       0x10 build/stm32f4xx_hal_uart.o
 .text.HAL_UARTEx_RxEventCallback
                0x08005b62        0x2 build/stm32f4xx_hal_uart.o
                0x08005b62                HAL_UARTEx_RxEventCallback
 .text.UART_Receive_IT
                0x08005b64       0xe2 build/stm32f4xx_hal_uart.o
 *fill*         0x08005c46        0x2 
 .text.HAL_UART_IRQHandler
                0x08005c48      0x27c build/stm32f4xx_hal_uart.o
                0x08005c48                HAL_UART_IRQHandler
 .text.SystemInit
                0x08005ec4       0x1c build/system_stm32f4xx.o
                0x08005ec4                SystemInit
 .text.USBD_Init
                0x08005ee0       0x2e build/usbd_core.o
                0x08005ee0                USBD_Init
 .text.USBD_RegisterClass
                0x08005f0e       0x34 build/usbd_core.o
                0x08005f0e                USBD_RegisterClass
 .text.USBD_Start
                0x08005f42        0x8 build/usbd_core.o
                0x08005f42                USBD_Start
 .text.USBD_SetClassConfig
                0x08005f4a       0x12 build/usbd_core.o
                0x08005f4a                USBD_SetClassConfig
 .text.USBD_ClrClassConfig
                0x08005f5c       0x12 build/usbd_core.o
                0x08005f5c                USBD_ClrClassConfig
 .text.USBD_LL_SetupStage
                0x08005f6e       0x58 build/usbd_core.o
                0x08005f6e                USBD_LL_SetupStage
 .text.USBD_LL_Reset
                0x08005fc6       0x64 build/usbd_core.o
                0x08005fc6                USBD_LL_Reset
 .text.USBD_LL_SetSpeed
                0x0800602a        0x6 build/usbd_core.o
                0x0800602a                USBD_LL_SetSpeed
 .text.USBD_LL_Suspend
                0x08006030       0x14 build/usbd_core.o
                0x08006030                USBD_LL_Suspend
 .text.USBD_LL_Resume
                0x08006044       0x1a build/usbd_core.o
                0x08006044                USBD_LL_Resume
 .text.USBD_LL_SOF
                0x0800605e       0x22 build/usbd_core.o
                0x0800605e                USBD_LL_SOF
 .text.USBD_LL_IsoINIncomplete
                0x08006080       0x2e build/usbd_core.o
                0x08006080                USBD_LL_IsoINIncomplete
 .text.USBD_LL_IsoOUTIncomplete
                0x080060ae       0x2e build/usbd_core.o
                0x080060ae                USBD_LL_IsoOUTIncomplete
 .text.USBD_LL_DevConnected
                0x080060dc        0x4 build/usbd_core.o
                0x080060dc                USBD_LL_DevConnected
 .text.USBD_LL_DevDisconnected
                0x080060e0       0x20 build/usbd_core.o
                0x080060e0                USBD_LL_DevDisconnected
 .text.USBD_CoreFindIF
                0x08006100        0x4 build/usbd_core.o
                0x08006100                USBD_CoreFindIF
 .text.USBD_CoreFindEP
                0x08006104        0x4 build/usbd_core.o
                0x08006104                USBD_CoreFindEP
 .text.USBD_LL_DataOutStage
                0x08006108       0xc4 build/usbd_core.o
                0x08006108                USBD_LL_DataOutStage
 .text.USBD_LL_DataInStage
                0x080061cc       0xd6 build/usbd_core.o
                0x080061cc                USBD_LL_DataInStage
 .text.USBD_GetNextDesc
                0x080062a2        0xe build/usbd_core.o
                0x080062a2                USBD_GetNextDesc
 .text.USBD_GetEpDesc
                0x080062b0       0x3e build/usbd_core.o
                0x080062b0                USBD_GetEpDesc
 .text.USBD_GetLen
                0x080062ee       0x14 build/usbd_ctlreq.o
 .text.USBD_ParseSetupRequest
                0x08006302       0x28 build/usbd_ctlreq.o
                0x08006302                USBD_ParseSetupRequest
 .text.USBD_CtlError
                0x0800632a       0x14 build/usbd_ctlreq.o
                0x0800632a                USBD_CtlError
 .text.USBD_GetDescriptor
                0x0800633e      0x18a build/usbd_ctlreq.o
 .text.USBD_SetAddress
                0x080064c8       0x50 build/usbd_ctlreq.o
 .text.USBD_SetConfig
                0x08006518       0xcc build/usbd_ctlreq.o
 .text.USBD_GetConfig
                0x080065e4       0x40 build/usbd_ctlreq.o
 .text.USBD_GetStatus
                0x08006624       0x38 build/usbd_ctlreq.o
 .text.USBD_SetFeature
                0x0800665c       0x2a build/usbd_ctlreq.o
 .text.USBD_ClrFeature
                0x08006686       0x26 build/usbd_ctlreq.o
 .text.USBD_StdDevReq
                0x080066ac       0x76 build/usbd_ctlreq.o
                0x080066ac                USBD_StdDevReq
 .text.USBD_StdItfReq
                0x08006722       0x84 build/usbd_ctlreq.o
                0x08006722                USBD_StdItfReq
 .text.USBD_StdEPReq
                0x080067a6      0x230 build/usbd_ctlreq.o
                0x080067a6                USBD_StdEPReq
 .text.USBD_GetString
                0x080069d6       0x3a build/usbd_ctlreq.o
                0x080069d6                USBD_GetString
 .text.USBD_CtlSendData
                0x08006a10       0x1a build/usbd_ioreq.o
                0x08006a10                USBD_CtlSendData
 .text.USBD_CtlContinueSendData
                0x08006a2a       0x10 build/usbd_ioreq.o
                0x08006a2a                USBD_CtlContinueSendData
 .text.USBD_CtlContinueRx
                0x08006a3a       0x10 build/usbd_ioreq.o
                0x08006a3a                USBD_CtlContinueRx
 .text.USBD_CtlSendStatus
                0x08006a4a       0x16 build/usbd_ioreq.o
                0x08006a4a                USBD_CtlSendStatus
 .text.USBD_CtlReceiveStatus
                0x08006a60       0x16 build/usbd_ioreq.o
                0x08006a60                USBD_CtlReceiveStatus
 .text.USBD_HID_DataIn
                0x08006a76       0x10 build/usbd_hid.o
 *fill*         0x08006a86        0x2 
 .text.USBD_HID_GetDeviceQualifierDesc
                0x08006a88        0xc build/usbd_hid.o
 .text.USBD_HID_GetOtherSpeedCfgDesc
                0x08006a94       0x20 build/usbd_hid.o
 .text.USBD_HID_GetFSCfgDesc
                0x08006ab4       0x20 build/usbd_hid.o
 .text.USBD_HID_GetHSCfgDesc
                0x08006ad4       0x20 build/usbd_hid.o
 .text.USBD_HID_Setup
                0x08006af4      0x12c build/usbd_hid.o
 .text.USBD_HID_DeInit
                0x08006c20       0x30 build/usbd_hid.o
 .text.USBD_HID_Init
                0x08006c50       0x50 build/usbd_hid.o
 .text.Reset_Handler
                0x08006ca0       0x50 build/startup_stm32f407xx.o
                0x08006ca0                Reset_Handler
 .text.Default_Handler
                0x08006cf0        0x2 build/startup_stm32f407xx.o
                0x08006cf0                RTC_Alarm_IRQHandler
                0x08006cf0                HASH_RNG_IRQHandler
                0x08006cf0                EXTI2_IRQHandler
                0x08006cf0                TIM8_CC_IRQHandler
                0x08006cf0                TIM1_CC_IRQHandler
                0x08006cf0                DMA2_Stream5_IRQHandler
                0x08006cf0                DMA1_Stream5_IRQHandler
                0x08006cf0                PVD_IRQHandler
                0x08006cf0                SDIO_IRQHandler
                0x08006cf0                TAMP_STAMP_IRQHandler
                0x08006cf0                CAN2_RX1_IRQHandler
                0x08006cf0                EXTI3_IRQHandler
                0x08006cf0                TIM8_TRG_COM_TIM14_IRQHandler
                0x08006cf0                TIM1_UP_TIM10_IRQHandler
                0x08006cf0                TIM8_UP_TIM13_IRQHandler
                0x08006cf0                I2C3_ER_IRQHandler
                0x08006cf0                EXTI0_IRQHandler
                0x08006cf0                DMA1_Stream2_IRQHandler
                0x08006cf0                FPU_IRQHandler
                0x08006cf0                OTG_HS_WKUP_IRQHandler
                0x08006cf0                CAN2_SCE_IRQHandler
                0x08006cf0                DMA2_Stream2_IRQHandler
                0x08006cf0                SPI1_IRQHandler
                0x08006cf0                TIM6_DAC_IRQHandler
                0x08006cf0                TIM1_BRK_TIM9_IRQHandler
                0x08006cf0                DCMI_IRQHandler
                0x08006cf0                CAN2_RX0_IRQHandler
                0x08006cf0                DMA2_Stream3_IRQHandler
                0x08006cf0                USART6_IRQHandler
                0x08006cf0                USART3_IRQHandler
                0x08006cf0                CAN1_RX1_IRQHandler
                0x08006cf0                UART5_IRQHandler
                0x08006cf0                DMA2_Stream0_IRQHandler
                0x08006cf0                TIM4_IRQHandler
                0x08006cf0                I2C1_EV_IRQHandler
                0x08006cf0                DMA1_Stream6_IRQHandler
                0x08006cf0                DMA1_Stream1_IRQHandler
                0x08006cf0                UART4_IRQHandler
                0x08006cf0                TIM3_IRQHandler
                0x08006cf0                RCC_IRQHandler
                0x08006cf0                TIM8_BRK_TIM12_IRQHandler
                0x08006cf0                Default_Handler
                0x08006cf0                EXTI15_10_IRQHandler
                0x08006cf0                ADC_IRQHandler
                0x08006cf0                DMA1_Stream7_IRQHandler
                0x08006cf0                TIM7_IRQHandler
                0x08006cf0                CAN2_TX_IRQHandler
                0x08006cf0                TIM5_IRQHandler
                0x08006cf0                DMA2_Stream7_IRQHandler
                0x08006cf0                I2C3_EV_IRQHandler
                0x08006cf0                EXTI9_5_IRQHandler
                0x08006cf0                RTC_WKUP_IRQHandler
                0x08006cf0                ETH_WKUP_IRQHandler
                0x08006cf0                SPI2_IRQHandler
                0x08006cf0                OTG_HS_EP1_IN_IRQHandler
                0x08006cf0                DMA1_Stream0_IRQHandler
                0x08006cf0                EXTI4_IRQHandler
                0x08006cf0                FSMC_IRQHandler
                0x08006cf0                ETH_IRQHandler
                0x08006cf0                OTG_HS_EP1_OUT_IRQHandler
                0x08006cf0                WWDG_IRQHandler
                0x08006cf0                TIM2_IRQHandler
                0x08006cf0                OTG_FS_WKUP_IRQHandler
                0x08006cf0                TIM1_TRG_COM_TIM11_IRQHandler
                0x08006cf0                OTG_HS_IRQHandler
                0x08006cf0                EXTI1_IRQHandler
                0x08006cf0                USART2_IRQHandler
                0x08006cf0                DMA2_Stream1_IRQHandler
                0x08006cf0                CAN1_SCE_IRQHandler
                0x08006cf0                FLASH_IRQHandler
                0x08006cf0                DMA2_Stream4_IRQHandler
                0x08006cf0                SPI3_IRQHandler
                0x08006cf0                DMA1_Stream4_IRQHandler
                0x08006cf0                I2C1_ER_IRQHandler
                0x08006cf0                DMA2_Stream6_IRQHandler
                0x08006cf0                DMA1_Stream3_IRQHandler
 *fill*         0x08006cf2        0x2 
 .text.std      0x08006cf4       0x6c /usr/lib/gcc/arm-none-eabi/13.2.0/../../../../arm-none-eabi/lib/thumb/v7e-m+fp/hard/libc_nano.a(libc_a-findfp.o)
 .text.stdio_exit_handler
                0x08006d60       0x18 /usr/lib/gcc/arm-none-eabi/13.2.0/../../../../arm-none-eabi/lib/thumb/v7e-m+fp/hard/libc_nano.a(libc_a-findfp.o)
 .text.cleanup_stdio
                0x08006d78       0x40 /usr/lib/gcc/arm-none-eabi/13.2.0/../../../../arm-none-eabi/lib/thumb/v7e-m+fp/hard/libc_nano.a(libc_a-findfp.o)
 .text.global_stdio_init.part.0
                0x08006db8       0x3c /usr/lib/gcc/arm-none-eabi/13.2.0/../../../../arm-none-eabi/lib/thumb/v7e-m+fp/hard/libc_nano.a(libc_a-findfp.o)
 .text.__sfp_lock_acquire
                0x08006df4        0xc /usr/lib/gcc/arm-none-eabi/13.2.0/../../../../arm-none-eabi/lib/thumb/v7e-m+fp/hard/libc_nano.a(libc_a-findfp.o)
                0x08006df4                __sfp_lock_acquire
 .text.__sfp_lock_release
                0x08006e00        0xc /usr/lib/gcc/arm-none-eabi/13.2.0/../../../../arm-none-eabi/lib/thumb/v7e-m+fp/hard/libc_nano.a(libc_a-findfp.o)
                0x08006e00                __sfp_lock_release
 .text.__sinit  0x08006e0c       0x30 /usr/lib/gcc/arm-none-eabi/13.2.0/../../../../arm-none-eabi/lib/thumb/v7e-m+fp/hard/libc_nano.a(libc_a-findfp.o)
                0x08006e0c                __sinit
 .text._fwalk_sglue
                0x08006e3c       0x3c /usr/lib/gcc/arm-none-eabi/13.2.0/../../../../arm-none-eabi/lib/thumb/v7e-m+fp/hard/libc_nano.a(libc_a-fwalk.o)
                0x08006e3c                _fwalk_sglue
 .text.printf   0x08006e78       0x24 /usr/lib/gcc/arm-none-eabi/13.2.0/../../../../arm-none-eabi/lib/thumb/v7e-m+fp/hard/libc_nano.a(libc_a-printf.o)
                0x08006e78                printf
                0x08006e78                iprintf
 .text._puts_r  0x08006e9c       0xaa /usr/lib/gcc/arm-none-eabi/13.2.0/../../../../arm-none-eabi/lib/thumb/v7e-m+fp/hard/libc_nano.a(libc_a-puts.o)
                0x08006e9c                _puts_r
 *fill*         0x08006f46        0x2 
 .text.puts     0x08006f48       0x10 /usr/lib/gcc/arm-none-eabi/13.2.0/../../../../arm-none-eabi/lib/thumb/v7e-m+fp/hard/libc_nano.a(libc_a-puts.o)
                0x08006f48                puts
 .text.__sread  0x08006f58       0x22 /usr/lib/gcc/arm-none-eabi/13.2.0/../../../../arm-none-eabi/lib/thumb/v7e-m+fp/hard/libc_nano.a(libc_a-stdio.o)
                0x08006f58                __sread
 .text.__swrite
                0x08006f7a       0x38 /usr/lib/gcc/arm-none-eabi/13.2.0/../../../../arm-none-eabi/lib/thumb/v7e-m+fp/hard/libc_nano.a(libc_a-stdio.o)
                0x08006f7a                __swrite
 .text.__sseek  0x08006fb2       0x24 /usr/lib/gcc/arm-none-eabi/13.2.0/../../../../arm-none-eabi/lib/thumb/v7e-m+fp/hard/libc_nano.a(libc_a-stdio.o)
                0x08006fb2                __sseek
 .text.__sclose
                0x08006fd6        0x8 /usr/lib/gcc/arm-none-eabi/13.2.0/../../../../arm-none-eabi/lib/thumb/v7e-m+fp/hard/libc_nano.a(libc_a-stdio.o)
                0x08006fd6                __sclose
 .text.__swbuf_r
                0x08006fde       0x7c /usr/lib/gcc/arm-none-eabi/13.2.0/../../../../arm-none-eabi/lib/thumb/v7e-m+fp/hard/libc_nano.a(libc_a-wbuf.o)
                0x08006fde                __swbuf_r
 *fill*         0x0800705a        0x2 
 .text.__swsetup_r
                0x0800705c       0xac /usr/lib/gcc/arm-none-eabi/13.2.0/../../../../arm-none-eabi/lib/thumb/v7e-m+fp/hard/libc_nano.a(libc_a-wsetup.o)
                0x0800705c                __swsetup_r
 .text.memset   0x08007108       0x10 /usr/lib/gcc/arm-none-eabi/13.2.0/../../../../arm-none-eabi/lib/thumb/v7e-m+fp/hard/libc_nano.a(libc_a-memset.o)
                0x08007108                memset
 .text._close_r
                0x08007118       0x20 /usr/lib/gcc/arm-none-eabi/13.2.0/../../../../arm-none-eabi/lib/thumb/v7e-m+fp/hard/libc_nano.a(libc_a-closer.o)
                0x08007118                _close_r
 .text._lseek_r
                0x08007138       0x24 /usr/lib/gcc/arm-none-eabi/13.2.0/../../../../arm-none-eabi/lib/thumb/v7e-m+fp/hard/libc_nano.a(libc_a-lseekr.o)
                0x08007138                _lseek_r
 .text._read_r  0x0800715c       0x24 /usr/lib/gcc/arm-none-eabi/13.2.0/../../../../arm-none-eabi/lib/thumb/v7e-m+fp/hard/libc_nano.a(libc_a-readr.o)
                0x0800715c                _read_r
 .text._write_r
                0x08007180       0x24 /usr/lib/gcc/arm-none-eabi/13.2.0/../../../../arm-none-eabi/lib/thumb/v7e-m+fp/hard/libc_nano.a(libc_a-writer.o)
                0x08007180                _write_r
 .text.__libc_init_array
                0x080071a4       0x48 /usr/lib/gcc/arm-none-eabi/13.2.0/../../../../arm-none-eabi/lib/thumb/v7e-m+fp/hard/libc_nano.a(libc_a-init.o)
                0x080071a4                __libc_init_array
 .text.__retarget_lock_init_recursive
                0x080071ec        0x2 /usr/lib/gcc/arm-none-eabi/13.2.0/../../../../arm-none-eabi/lib/thumb/v7e-m+fp/hard/libc_nano.a(libc_a-lock.o)
                0x080071ec                __retarget_lock_init_recursive
 .text.__retarget_lock_acquire_recursive
                0x080071ee        0x2 /usr/lib/gcc/arm-none-eabi/13.2.0/../../../../arm-none-eabi/lib/thumb/v7e-m+fp/hard/libc_nano.a(libc_a-lock.o)
                0x080071ee                __retarget_lock_acquire_recursive
 .text.__retarget_lock_release_recursive
                0x080071f0        0x2 /usr/lib/gcc/arm-none-eabi/13.2.0/../../../../arm-none-eabi/lib/thumb/v7e-m+fp/hard/libc_nano.a(libc_a-lock.o)
                0x080071f0                __retarget_lock_release_recursive
 *fill*         0x080071f2        0x2 
 .text._free_r  0x080071f4       0x94 /usr/lib/gcc/arm-none-eabi/13.2.0/../../../../arm-none-eabi/lib/thumb/v7e-m+fp/hard/libc_nano.a(libc_a-freer.o)
                0x080071f4                _free_r
 .text.sbrk_aligned
                0x08007288       0x44 /usr/lib/gcc/arm-none-eabi/13.2.0/../../../../arm-none-eabi/lib/thumb/v7e-m+fp/hard/libc_nano.a(libc_a-mallocr.o)
 .text._malloc_r
                0x080072cc       0xf0 /usr/lib/gcc/arm-none-eabi/13.2.0/../../../../arm-none-eabi/lib/thumb/v7e-m+fp/hard/libc_nano.a(libc_a-mallocr.o)
                0x080072cc                _malloc_r
 .text.__malloc_lock
                0x080073bc        0xc /usr/lib/gcc/arm-none-eabi/13.2.0/../../../../arm-none-eabi/lib/thumb/v7e-m+fp/hard/libc_nano.a(libc_a-mlock.o)
                0x080073bc                __malloc_lock
 .text.__malloc_unlock
                0x080073c8        0xc /usr/lib/gcc/arm-none-eabi/13.2.0/../../../../arm-none-eabi/lib/thumb/v7e-m+fp/hard/libc_nano.a(libc_a-mlock.o)
                0x080073c8                __malloc_unlock
 .text.__sfputc_r
                0x080073d4       0x2e /usr/lib/gcc/arm-none-eabi/13.2.0/../../../../arm-none-eabi/lib/thumb/v7e-m+fp/hard/libc_nano.a(libc_a-nano-vfprintf.o)
 .text.__sfputs_r
                0x08007402       0x24 /usr/lib/gcc/arm-none-eabi/13.2.0/../../../../arm-none-eabi/lib/thumb/v7e-m+fp/hard/libc_nano.a(libc_a-nano-vfprintf.o)
                0x08007402                __sfputs_r
 *fill*         0x08007426        0x2 
 .text._vfprintf_r
                0x08007428      0x230 /usr/lib/gcc/arm-none-eabi/13.2.0/../../../../arm-none-eabi/lib/thumb/v7e-m+fp/hard/libc_nano.a(libc_a-nano-vfprintf.o)
                0x08007428                _vfiprintf_r
                0x08007428                _vfprintf_r
 .text._printf_common
                0x08007658       0xda /usr/lib/gcc/arm-none-eabi/13.2.0/../../../../arm-none-eabi/lib/thumb/v7e-m+fp/hard/libc_nano.a(libc_a-nano-vfprintf_i.o)
                0x08007658                _printf_common
 *fill*         0x08007732        0x2 
 .text._printf_i
                0x08007734      0x25c /usr/lib/gcc/arm-none-eabi/13.2.0/../../../../arm-none-eabi/lib/thumb/v7e-m+fp/hard/libc_nano.a(libc_a-nano-vfprintf_i.o)
                0x08007734                _printf_i
 .text.__sflush_r
                0x08007990      0x108 /usr/lib/gcc/arm-none-eabi/13.2.0/../../../../arm-none-eabi/lib/thumb/v7e-m+fp/hard/libc_nano.a(libc_a-fflush.o)
                0x08007990                __sflush_r
 .text._fflush_r
                0x08007a98       0x50 /usr/lib/gcc/arm-none-eabi/13.2.0/../../../../arm-none-eabi/lib/thumb/v7e-m+fp/hard/libc_nano.a(libc_a-fflush.o)
                0x08007a98                _fflush_r
 .text.__swhatbuf_r
                0x08007ae8       0x4c /usr/lib/gcc/arm-none-eabi/13.2.0/../../../../arm-none-eabi/lib/thumb/v7e-m+fp/hard/libc_nano.a(libc_a-makebuf.o)
                0x08007ae8                __swhatbuf_r
 .text.__smakebuf_r
                0x08007b34       0x78 /usr/lib/gcc/arm-none-eabi/13.2.0/../../../../arm-none-eabi/lib/thumb/v7e-m+fp/hard/libc_nano.a(libc_a-makebuf.o)
                0x08007b34                __smakebuf_r
 .text._fstat_r
                0x08007bac       0x24 /usr/lib/gcc/arm-none-eabi/13.2.0/../../../../arm-none-eabi/lib/thumb/v7e-m+fp/hard/libc_nano.a(libc_a-fstatr.o)
                0x08007bac                _fstat_r
 .text._isatty_r
                0x08007bd0       0x20 /usr/lib/gcc/arm-none-eabi/13.2.0/../../../../arm-none-eabi/lib/thumb/v7e-m+fp/hard/libc_nano.a(libc_a-isattyr.o)
                0x08007bd0                _isatty_r
 .text._sbrk_r  0x08007bf0       0x20 /usr/lib/gcc/arm-none-eabi/13.2.0/../../../../arm-none-eabi/lib/thumb/v7e-m+fp/hard/libc_nano.a(libc_a-sbrkr.o)
                0x08007bf0                _sbrk_r
 .text._close   0x08007c10       0x10 /usr/lib/gcc/arm-none-eabi/13.2.0/../../../../arm-none-eabi/lib/thumb/v7e-m+fp/hard/libnosys.a(close.o)
                0x08007c10                _close
 .text._fstat   0x08007c20       0x10 /usr/lib/gcc/arm-none-eabi/13.2.0/../../../../arm-none-eabi/lib/thumb/v7e-m+fp/hard/libnosys.a(fstat.o)
                0x08007c20                _fstat
 .text._isatty  0x08007c30       0x10 /usr/lib/gcc/arm-none-eabi/13.2.0/../../../../arm-none-eabi/lib/thumb/v7e-m+fp/hard/libnosys.a(isatty.o)
                0x08007c30                _isatty
 .text._lseek   0x08007c40       0x10 /usr/lib/gcc/arm-none-eabi/13.2.0/../../../../arm-none-eabi/lib/thumb/v7e-m+fp/hard/libnosys.a(lseek.o)
                0x08007c40                _lseek
 .text._read    0x08007c50       0x10 /usr/lib/gcc/arm-none-eabi/13.2.0/../../../../arm-none-eabi/lib/thumb/v7e-m+fp/hard/libnosys.a(read.o)
                0x08007c50                _read
 .text._sbrk    0x08007c60       0x1c /usr/lib/gcc/arm-none-eabi/13.2.0/../../../../arm-none-eabi/lib/thumb/v7e-m+fp/hard/libnosys.a(sbrk.o)
                0x08007c60                _sbrk
 .text._write   0x08007c7c       0x10 /usr/lib/gcc/arm-none-eabi/13.2.0/../../../../arm-none-eabi/lib/thumb/v7e-m+fp/hard/libnosys.a(write.o)
                0x08007c7c                _write
 .text.__udivmoddi4
                0x08007c8c      0x2a0 /usr/lib/gcc/arm-none-eabi/13.2.0/thumb/v7e-m+fp/hard/libgcc.a(_udivmoddi4.o)
                0x08007c8c                __udivmoddi4
 *(.glue_7)
 .glue_7        0x08007f2c        0x0 linker stubs
 *(.glue_7t)
 .glue_7t       0x08007f2c        0x0 linker stubs
 *(.eh_frame)
 .eh_frame      0x08007f2c        0x0 /usr/lib/gcc/arm-none-eabi/13.2.0/thumb/v7e-m+fp/hard/crtbegin.o
 *(.init)
 .init          0x08007f2c        0x4 /usr/lib/gcc/arm-none-eabi/13.2.0/thumb/v7e-m+fp/hard/crti.o
                0x08007f2c                _init
 .init          0x08007f30        0x8 /usr/lib/gcc/arm-none-eabi/13.2.0/thumb/v7e-m+fp/hard/crtn.o
 *(.fini)
 .fini          0x08007f38        0x4 /usr/lib/gcc/arm-none-eabi/13.2.0/thumb/v7e-m+fp/hard/crti.o
                0x08007f38                _fini
 .fini          0x08007f3c        0x8 /usr/lib/gcc/arm-none-eabi/13.2.0/thumb/v7e-m+fp/hard/crtn.o
                0x08007f44                        . = ALIGN (0x4)
                0x08007f44                        _etext = .

.vfp11_veneer   0x08007f44        0x0
 .vfp11_veneer  0x08007f44        0x0 linker stubs

.v4_bx          0x08007f44        0x0
 .v4_bx         0x08007f44        0x0 linker stubs

.iplt           0x08007f44        0x0
 .iplt          0x08007f44        0x0 /usr/lib/gcc/arm-none-eabi/13.2.0/thumb/v7e-m+fp/hard/crtbegin.o

.rodata         0x08007f44       0xcc
                0x08007f44                        . = ALIGN (0x4)
 *(.rodata)
 *(.rodata*)
 .rodata.HAL_I2C_SlaveRxCpltCallback.str1.4
                0x08007f44       0x7e build/main.o
                                  0xc (size before relaxing)
 .rodata.Abs_angle_control_loop.str1.4
                0x08007fc2        0x8 build/main.o
 .rodata.main.str1.4
                0x08007fc2       0x21 build/main.o
 .rodata.USBD_FS_ProductStrDescriptor.str1.4
                0x08007fc2       0x16 build/usbd_desc.o
 .rodata.USBD_FS_ManufacturerStrDescriptor.str1.4
                0x08007fc2       0x13 build/usbd_desc.o
 .rodata.USBD_FS_ConfigStrDescriptor.str1.4
                0x08007fc2        0xb build/usbd_desc.o
 .rodata.USBD_FS_InterfaceStrDescriptor.str1.4
                0x08007fc2        0xe build/usbd_desc.o
 *fill*         0x08007fc2        0x2 
 .rodata.APBPrescTable
                0x08007fc4        0x8 build/system_stm32f4xx.o
                0x08007fc4                APBPrescTable
 .rodata.AHBPrescTable
                0x08007fcc       0x10 build/system_stm32f4xx.o
                0x08007fcc                AHBPrescTable
 .rodata._vfprintf_r.str1.1
                0x08007fdc       0x33 /usr/lib/gcc/arm-none-eabi/13.2.0/../../../../arm-none-eabi/lib/thumb/v7e-m+fp/hard/libc_nano.a(libc_a-nano-vfprintf.o)
                                 0x11 (size before relaxing)
 .rodata._printf_i.str1.1
                0x0800800f       0x22 /usr/lib/gcc/arm-none-eabi/13.2.0/../../../../arm-none-eabi/lib/thumb/v7e-m+fp/hard/libc_nano.a(libc_a-nano-vfprintf_i.o)
                0x08008034                        . = ALIGN (0x4)
 *fill*         0x0800800f        0x1 

.ARM.extab
 *(.ARM.extab* .gnu.linkonce.armextab.*)

.ARM            0x08008010        0x8
                0x08008010                        __exidx_start = .
 *(.ARM.exidx*)
 .ARM.exidx     0x08008010        0x8 /usr/lib/gcc/arm-none-eabi/13.2.0/../../../../arm-none-eabi/lib/thumb/v7e-m+fp/hard/libc_nano.a(libc_a-memchr.o)
 .ARM.exidx.text.__udivmoddi4
                0x08008018        0x0 /usr/lib/gcc/arm-none-eabi/13.2.0/thumb/v7e-m+fp/hard/libgcc.a(_udivmoddi4.o)
                                  0x8 (size before relaxing)
                0x08008018                        __exidx_end = .

.rel.dyn        0x08008018        0x0
 .rel.iplt      0x08008018        0x0 /usr/lib/gcc/arm-none-eabi/13.2.0/thumb/v7e-m+fp/hard/crtbegin.o

.preinit_array  0x08008018        0x0
                0x08008018                        PROVIDE (__preinit_array_start = .)
 *(.preinit_array*)
                0x08008018                        PROVIDE (__preinit_array_end = .)

.init_array     0x08008018        0x4
                0x08008018                        PROVIDE (__init_array_start = .)
 *(SORT_BY_NAME(.init_array.*))
 *(.init_array*)
 .init_array    0x08008018        0x4 /usr/lib/gcc/arm-none-eabi/13.2.0/thumb/v7e-m+fp/hard/crtbegin.o
                0x0800801c                        PROVIDE (__init_array_end = .)

.fini_array     0x0800801c        0x4
                0x0800801c                        PROVIDE (__fini_array_start = .)
 *(SORT_BY_NAME(.fini_array.*))
 *(.fini_array*)
 .fini_array    0x0800801c        0x4 /usr/lib/gcc/arm-none-eabi/13.2.0/thumb/v7e-m+fp/hard/crtbegin.o
                0x08008020                        PROVIDE (__fini_array_end = .)
                0x08008020                        _sidata = LOADADDR (.data)

.data           0x20000000      0x17c load address 0x08008020
                0x20000000                        . = ALIGN (0x4)
                0x20000000                        _sdata = .
 *(.data)
 *(.data*)
 .data.current_limit
                0x20000000        0x4 build/main.o
                0x20000000                current_limit
 .data.USBD_StringSerial
                0x20000004       0x1a build/usbd_desc.o
                0x20000004                USBD_StringSerial
 *fill*         0x2000001e        0x2 
 .data.USBD_LangIDDesc
                0x20000020        0x4 build/usbd_desc.o
                0x20000020                USBD_LangIDDesc
 .data.USBD_FS_DeviceDesc
                0x20000024       0x12 build/usbd_desc.o
                0x20000024                USBD_FS_DeviceDesc
 *fill*         0x20000036        0x2 
 .data.FS_Desc  0x20000038       0x1c build/usbd_desc.o
                0x20000038                FS_Desc
 .data.uwTickFreq
                0x20000054        0x1 build/stm32f4xx_hal.o
                0x20000054                uwTickFreq
 *fill*         0x20000055        0x3 
 .data.uwTickPrio
                0x20000058        0x4 build/stm32f4xx_hal.o
                0x20000058                uwTickPrio
 .data.SystemCoreClock
                0x2000005c        0x4 build/system_stm32f4xx.o
                0x2000005c                SystemCoreClock
 .data.HID_MOUSE_ReportDesc
                0x20000060       0x4a build/usbd_hid.o
 *fill*         0x200000aa        0x2 
 .data.USBD_HID_DeviceQualifierDesc
                0x200000ac        0xa build/usbd_hid.o
 *fill*         0x200000b6        0x2 
 .data.USBD_HID_Desc
                0x200000b8        0x9 build/usbd_hid.o
 *fill*         0x200000c1        0x3 
 .data.USBD_HID_CfgDesc
                0x200000c4       0x22 build/usbd_hid.o
 *fill*         0x200000e6        0x2 
 .data.USBD_HID
                0x200000e8       0x38 build/usbd_hid.o
                0x200000e8                USBD_HID
 .data.__sglue  0x20000120        0xc /usr/lib/gcc/arm-none-eabi/13.2.0/../../../../arm-none-eabi/lib/thumb/v7e-m+fp/hard/libc_nano.a(libc_a-findfp.o)
                0x20000120                __sglue
 .data._impure_ptr
                0x2000012c        0x4 /usr/lib/gcc/arm-none-eabi/13.2.0/../../../../arm-none-eabi/lib/thumb/v7e-m+fp/hard/libc_nano.a(libc_a-impure.o)
                0x2000012c                _impure_ptr
 .data._impure_data
                0x20000130       0x4c /usr/lib/gcc/arm-none-eabi/13.2.0/../../../../arm-none-eabi/lib/thumb/v7e-m+fp/hard/libc_nano.a(libc_a-impure.o)
                0x20000130                _impure_data
                0x2000017c                        . = ALIGN (0x4)
                0x2000017c                        _edata = .
                0x0800819c                        _siccmram = LOADADDR (.ccmram)

.igot.plt       0x2000017c        0x0 load address 0x0800819c
 .igot.plt      0x2000017c        0x0 /usr/lib/gcc/arm-none-eabi/13.2.0/thumb/v7e-m+fp/hard/crtbegin.o

.ccmram         0x10000000        0x0 load address 0x0800819c
                0x10000000                        . = ALIGN (0x4)
                0x10000000                        _sccmram = .
 *(.ccmram)
 *(.ccmram*)
                0x10000000                        . = ALIGN (0x4)
                0x10000000                        _eccmram = .
                0x10000000                        . = ALIGN (0x4)

.bss            0x2000017c     0x1044
                0x2000017c                        _sbss = .
                0x2000017c                        __bss_start__ = _sbss
 *(.bss)
 *(.bss*)
 .bss.completed.1
                0x2000017c        0x1 /usr/lib/gcc/arm-none-eabi/13.2.0/thumb/v7e-m+fp/hard/crtbegin.o
 *fill*         0x2000017d        0x3 
 .bss.object.0  0x20000180       0x18 /usr/lib/gcc/arm-none-eabi/13.2.0/thumb/v7e-m+fp/hard/crtbegin.o
 .bss.j         0x20000198        0x4 build/main.o
                0x20000198                j
 .bss.i         0x2000019c        0x4 build/main.o
                0x2000019c                i
 .bss.IMU_Angle
                0x200001a0        0xc build/main.o
                0x200001a0                IMU_Angle
 .bss.IMU_Angle_Raw
                0x200001ac        0x6 build/main.o
                0x200001ac                IMU_Angle_Raw
 *fill*         0x200001b2        0x2 
 .bss.ABS_IMU_angle
                0x200001b4        0x4 build/main.o
                0x200001b4                ABS_IMU_angle
 .bss.ABS_Gimbal_angle
                0x200001b8        0x8 build/main.o
                0x200001b8                ABS_Gimbal_angle
 .bss.abs_pid   0x200001c0       0xc8 build/main.o
                0x200001c0                abs_pid
 .bss.ReceiveBuffer
                0x20000288        0x6 build/main.o
                0x20000288                ReceiveBuffer
 *fill*         0x2000028e        0x2 
 .bss.angle_pid
                0x20000290       0xc8 build/main.o
                0x20000290                angle_pid
 .bss.motor_pid
                0x20000358      0x190 build/main.o
                0x20000358                motor_pid
 .bss.hcan1     0x200004e8       0x28 build/can.o
                0x200004e8                hcan1
 .bss.hi2c2     0x20000510       0x54 build/i2c.o
                0x20000510                hi2c2
 .bss.huart1    0x20000564       0x44 build/usart.o
                0x20000564                huart1
 .bss.FlashTimer
                0x200005a8        0x4 build/bsp_can.o
                0x200005a8                FlashTimer
 .bss.moto_chassis
                0x200005ac       0xc0 build/bsp_can.o
                0x200005ac                moto_chassis
 .bss.hUsbDeviceFS
                0x2000066c      0x2dc build/usb_device.o
                0x2000066c                hUsbDeviceFS
 .bss.USBD_StrDesc
                0x20000948      0x200 build/usbd_desc.o
                0x20000948                USBD_StrDesc
 .bss.mem.0     0x20000b48       0x14 build/usbd_conf.o
 .bss.hpcd_USB_OTG_FS
                0x20000b5c      0x50c build/usbd_conf.o
                0x20000b5c                hpcd_USB_OTG_FS
 .bss.uwTick    0x20001068        0x4 build/stm32f4xx_hal.o
                0x20001068                uwTick
 .bss.cfgidx.0  0x2000106c        0x1 build/usbd_ctlreq.o
 *fill*         0x2000106d        0x3 
 .bss.__sf      0x20001070      0x138 /usr/lib/gcc/arm-none-eabi/13.2.0/../../../../arm-none-eabi/lib/thumb/v7e-m+fp/hard/libc_nano.a(libc_a-findfp.o)
                0x20001070                __sf
 .bss.__stdio_exit_handler
                0x200011a8        0x4 /usr/lib/gcc/arm-none-eabi/13.2.0/../../../../arm-none-eabi/lib/thumb/v7e-m+fp/hard/libc_nano.a(libc_a-findfp.o)
                0x200011a8                __stdio_exit_handler
 .bss.errno     0x200011ac        0x4 /usr/lib/gcc/arm-none-eabi/13.2.0/../../../../arm-none-eabi/lib/thumb/v7e-m+fp/hard/libc_nano.a(libc_a-reent.o)
                0x200011ac                errno
 .bss.__lock___malloc_recursive_mutex
                0x200011b0        0x1 /usr/lib/gcc/arm-none-eabi/13.2.0/../../../../arm-none-eabi/lib/thumb/v7e-m+fp/hard/libc_nano.a(libc_a-lock.o)
                0x200011b0                __lock___malloc_recursive_mutex
 .bss.__lock___sfp_recursive_mutex
                0x200011b1        0x1 /usr/lib/gcc/arm-none-eabi/13.2.0/../../../../arm-none-eabi/lib/thumb/v7e-m+fp/hard/libc_nano.a(libc_a-lock.o)
                0x200011b1                __lock___sfp_recursive_mutex
 *fill*         0x200011b2        0x2 
 .bss.__malloc_sbrk_start
                0x200011b4        0x4 /usr/lib/gcc/arm-none-eabi/13.2.0/../../../../arm-none-eabi/lib/thumb/v7e-m+fp/hard/libc_nano.a(libc_a-mallocr.o)
                0x200011b4                __malloc_sbrk_start
 .bss.__malloc_free_list
                0x200011b8        0x4 /usr/lib/gcc/arm-none-eabi/13.2.0/../../../../arm-none-eabi/lib/thumb/v7e-m+fp/hard/libc_nano.a(libc_a-mallocr.o)
                0x200011b8                __malloc_free_list
 .bss.heap_end.0
                0x200011bc        0x4 /usr/lib/gcc/arm-none-eabi/13.2.0/../../../../arm-none-eabi/lib/thumb/v7e-m+fp/hard/libnosys.a(sbrk.o)
 *(COMMON)
                0x200011c0                        . = ALIGN (0x4)
                0x200011c0                        _ebss = .
                0x200011c0                        __bss_end__ = _ebss

._user_heap_stack
                0x200011c0      0x600
                0x200011c0                        . = ALIGN (0x8)
                0x200011c0                        PROVIDE (end = .)
                [!provide]                        PROVIDE (_end = .)
                0x200013c0                        . = (. + _Min_Heap_Size)
 *fill*         0x200011c0      0x200 
                0x200017c0                        . = (. + _Min_Stack_Size)
 *fill*         0x200013c0      0x400 
                0x200017c0                        . = ALIGN (0x8)

/DISCARD/
 libc.a(*)
 libm.a(*)
 libgcc.a(*)

.ARM.attributes
                0x00000000       0x30
 *(.ARM.attributes)
 .ARM.attributes
                0x00000000       0x22 /usr/lib/gcc/arm-none-eabi/13.2.0/thumb/v7e-m+fp/hard/crti.o
 .ARM.attributes
                0x00000022       0x34 /usr/lib/gcc/arm-none-eabi/13.2.0/thumb/v7e-m+fp/hard/crtbegin.o
 .ARM.attributes
                0x00000056       0x34 build/main.o
 .ARM.attributes
                0x0000008a       0x34 build/stm32f4xx_it.o
 .ARM.attributes
                0x000000be       0x34 build/stm32f4xx_hal_msp.o
 .ARM.attributes
                0x000000f2       0x34 build/gpio.o
 .ARM.attributes
                0x00000126       0x34 build/can.o
 .ARM.attributes
                0x0000015a       0x34 build/i2c.o
 .ARM.attributes
                0x0000018e       0x34 build/usart.o
 .ARM.attributes
                0x000001c2       0x34 build/pid.o
 .ARM.attributes
                0x000001f6       0x34 build/bsp_can.o
 .ARM.attributes
                0x0000022a       0x34 build/usb_device.o
 .ARM.attributes
                0x0000025e       0x34 build/usbd_desc.o
 .ARM.attributes
                0x00000292       0x34 build/usbd_conf.o
 .ARM.attributes
                0x000002c6       0x34 build/stm32f4xx_hal_pcd.o
 .ARM.attributes
                0x000002fa       0x34 build/stm32f4xx_hal_pcd_ex.o
 .ARM.attributes
                0x0000032e       0x34 build/stm32f4xx_ll_usb.o
 .ARM.attributes
                0x00000362       0x34 build/stm32f4xx_hal_rcc.o
 .ARM.attributes
                0x00000396       0x34 build/stm32f4xx_hal_gpio.o
 .ARM.attributes
                0x000003ca       0x34 build/stm32f4xx_hal_dma.o
 .ARM.attributes
                0x000003fe       0x34 build/stm32f4xx_hal_cortex.o
 .ARM.attributes
                0x00000432       0x34 build/stm32f4xx_hal.o
 .ARM.attributes
                0x00000466       0x34 build/stm32f4xx_hal_can.o
 .ARM.attributes
                0x0000049a       0x34 build/stm32f4xx_hal_i2c.o
 .ARM.attributes
                0x000004ce       0x34 build/stm32f4xx_hal_uart.o
 .ARM.attributes
                0x00000502       0x34 build/system_stm32f4xx.o
 .ARM.attributes
                0x00000536       0x34 build/usbd_core.o
 .ARM.attributes
                0x0000056a       0x34 build/usbd_ctlreq.o
 .ARM.attributes
                0x0000059e       0x34 build/usbd_ioreq.o
 .ARM.attributes
                0x000005d2       0x34 build/usbd_hid.o
 .ARM.attributes
                0x00000606       0x21 build/startup_stm32f407xx.o
 .ARM.attributes
                0x00000627       0x34 /usr/lib/gcc/arm-none-eabi/13.2.0/../../../../arm-none-eabi/lib/thumb/v7e-m+fp/hard/libc_nano.a(libc_a-findfp.o)
 .ARM.attributes
                0x0000065b       0x34 /usr/lib/gcc/arm-none-eabi/13.2.0/../../../../arm-none-eabi/lib/thumb/v7e-m+fp/hard/libc_nano.a(libc_a-fwalk.o)
 .ARM.attributes
                0x0000068f       0x34 /usr/lib/gcc/arm-none-eabi/13.2.0/../../../../arm-none-eabi/lib/thumb/v7e-m+fp/hard/libc_nano.a(libc_a-printf.o)
 .ARM.attributes
                0x000006c3       0x34 /usr/lib/gcc/arm-none-eabi/13.2.0/../../../../arm-none-eabi/lib/thumb/v7e-m+fp/hard/libc_nano.a(libc_a-puts.o)
 .ARM.attributes
                0x000006f7       0x34 /usr/lib/gcc/arm-none-eabi/13.2.0/../../../../arm-none-eabi/lib/thumb/v7e-m+fp/hard/libc_nano.a(libc_a-stdio.o)
 .ARM.attributes
                0x0000072b       0x34 /usr/lib/gcc/arm-none-eabi/13.2.0/../../../../arm-none-eabi/lib/thumb/v7e-m+fp/hard/libc_nano.a(libc_a-wbuf.o)
 .ARM.attributes
                0x0000075f       0x34 /usr/lib/gcc/arm-none-eabi/13.2.0/../../../../arm-none-eabi/lib/thumb/v7e-m+fp/hard/libc_nano.a(libc_a-wsetup.o)
 .ARM.attributes
                0x00000793       0x34 /usr/lib/gcc/arm-none-eabi/13.2.0/../../../../arm-none-eabi/lib/thumb/v7e-m+fp/hard/libc_nano.a(libc_a-memset.o)
 .ARM.attributes
                0x000007c7       0x34 /usr/lib/gcc/arm-none-eabi/13.2.0/../../../../arm-none-eabi/lib/thumb/v7e-m+fp/hard/libc_nano.a(libc_a-closer.o)
 .ARM.attributes
                0x000007fb       0x34 /usr/lib/gcc/arm-none-eabi/13.2.0/../../../../arm-none-eabi/lib/thumb/v7e-m+fp/hard/libc_nano.a(libc_a-reent.o)
 .ARM.attributes
                0x0000082f       0x34 /usr/lib/gcc/arm-none-eabi/13.2.0/../../../../arm-none-eabi/lib/thumb/v7e-m+fp/hard/libc_nano.a(libc_a-impure.o)
 .ARM.attributes
                0x00000863       0x34 /usr/lib/gcc/arm-none-eabi/13.2.0/../../../../arm-none-eabi/lib/thumb/v7e-m+fp/hard/libc_nano.a(libc_a-lseekr.o)
 .ARM.attributes
                0x00000897       0x34 /usr/lib/gcc/arm-none-eabi/13.2.0/../../../../arm-none-eabi/lib/thumb/v7e-m+fp/hard/libc_nano.a(libc_a-readr.o)
 .ARM.attributes
                0x000008cb       0x34 /usr/lib/gcc/arm-none-eabi/13.2.0/../../../../arm-none-eabi/lib/thumb/v7e-m+fp/hard/libc_nano.a(libc_a-writer.o)
 .ARM.attributes
                0x000008ff       0x34 /usr/lib/gcc/arm-none-eabi/13.2.0/../../../../arm-none-eabi/lib/thumb/v7e-m+fp/hard/libc_nano.a(libc_a-init.o)
 .ARM.attributes
                0x00000933       0x34 /usr/lib/gcc/arm-none-eabi/13.2.0/../../../../arm-none-eabi/lib/thumb/v7e-m+fp/hard/libc_nano.a(libc_a-lock.o)
 .ARM.attributes
                0x00000967       0x34 /usr/lib/gcc/arm-none-eabi/13.2.0/../../../../arm-none-eabi/lib/thumb/v7e-m+fp/hard/libc_nano.a(libc_a-freer.o)
 .ARM.attributes
                0x0000099b       0x34 /usr/lib/gcc/arm-none-eabi/13.2.0/../../../../arm-none-eabi/lib/thumb/v7e-m+fp/hard/libc_nano.a(libc_a-mallocr.o)
 .ARM.attributes
                0x000009cf       0x34 /usr/lib/gcc/arm-none-eabi/13.2.0/../../../../arm-none-eabi/lib/thumb/v7e-m+fp/hard/libc_nano.a(libc_a-mlock.o)
 .ARM.attributes
                0x00000a03       0x34 /usr/lib/gcc/arm-none-eabi/13.2.0/../../../../arm-none-eabi/lib/thumb/v7e-m+fp/hard/libc_nano.a(libc_a-nano-vfprintf.o)
 .ARM.attributes
                0x00000a37       0x34 /usr/lib/gcc/arm-none-eabi/13.2.0/../../../../arm-none-eabi/lib/thumb/v7e-m+fp/hard/libc_nano.a(libc_a-nano-vfprintf_i.o)
 .ARM.attributes
                0x00000a6b       0x34 /usr/lib/gcc/arm-none-eabi/13.2.0/../../../../arm-none-eabi/lib/thumb/v7e-m+fp/hard/libc_nano.a(libc_a-fflush.o)
 .ARM.attributes
                0x00000a9f       0x34 /usr/lib/gcc/arm-none-eabi/13.2.0/../../../../arm-none-eabi/lib/thumb/v7e-m+fp/hard/libc_nano.a(libc_a-makebuf.o)
 .ARM.attributes
                0x00000ad3       0x34 /usr/lib/gcc/arm-none-eabi/13.2.0/../../../../arm-none-eabi/lib/thumb/v7e-m+fp/hard/libc_nano.a(libc_a-fstatr.o)
 .ARM.attributes
                0x00000b07       0x34 /usr/lib/gcc/arm-none-eabi/13.2.0/../../../../arm-none-eabi/lib/thumb/v7e-m+fp/hard/libc_nano.a(libc_a-isattyr.o)
 .ARM.attributes
                0x00000b3b       0x34 /usr/lib/gcc/arm-none-eabi/13.2.0/../../../../arm-none-eabi/lib/thumb/v7e-m+fp/hard/libc_nano.a(libc_a-sbrkr.o)
 .ARM.attributes
                0x00000b6f       0x1c /usr/lib/gcc/arm-none-eabi/13.2.0/../../../../arm-none-eabi/lib/thumb/v7e-m+fp/hard/libc_nano.a(libc_a-memchr.o)
 .ARM.attributes
                0x00000b8b       0x34 /usr/lib/gcc/arm-none-eabi/13.2.0/../../../../arm-none-eabi/lib/thumb/v7e-m+fp/hard/libnosys.a(close.o)
 .ARM.attributes
                0x00000bbf       0x34 /usr/lib/gcc/arm-none-eabi/13.2.0/../../../../arm-none-eabi/lib/thumb/v7e-m+fp/hard/libnosys.a(fstat.o)
 .ARM.attributes
                0x00000bf3       0x34 /usr/lib/gcc/arm-none-eabi/13.2.0/../../../../arm-none-eabi/lib/thumb/v7e-m+fp/hard/libnosys.a(isatty.o)
 .ARM.attributes
                0x00000c27       0x34 /usr/lib/gcc/arm-none-eabi/13.2.0/../../../../arm-none-eabi/lib/thumb/v7e-m+fp/hard/libnosys.a(lseek.o)
 .ARM.attributes
                0x00000c5b       0x34 /usr/lib/gcc/arm-none-eabi/13.2.0/../../../../arm-none-eabi/lib/thumb/v7e-m+fp/hard/libnosys.a(read.o)
 .ARM.attributes
                0x00000c8f       0x34 /usr/lib/gcc/arm-none-eabi/13.2.0/../../../../arm-none-eabi/lib/thumb/v7e-m+fp/hard/libnosys.a(sbrk.o)
 .ARM.attributes
                0x00000cc3       0x34 /usr/lib/gcc/arm-none-eabi/13.2.0/../../../../arm-none-eabi/lib/thumb/v7e-m+fp/hard/libnosys.a(write.o)
 .ARM.attributes
                0x00000cf7       0x22 /usr/lib/gcc/arm-none-eabi/13.2.0/thumb/v7e-m+fp/hard/libgcc.a(_arm_addsubdf3.o)
 .ARM.attributes
                0x00000d19       0x22 /usr/lib/gcc/arm-none-eabi/13.2.0/thumb/v7e-m+fp/hard/libgcc.a(_arm_muldivdf3.o)
 .ARM.attributes
                0x00000d3b       0x22 /usr/lib/gcc/arm-none-eabi/13.2.0/thumb/v7e-m+fp/hard/libgcc.a(_arm_fixdfsi.o)
 .ARM.attributes
                0x00000d5d       0x22 /usr/lib/gcc/arm-none-eabi/13.2.0/thumb/v7e-m+fp/hard/libgcc.a(_aeabi_uldivmod.o)
 .ARM.attributes
                0x00000d7f       0x34 /usr/lib/gcc/arm-none-eabi/13.2.0/thumb/v7e-m+fp/hard/libgcc.a(_udivmoddi4.o)
 .ARM.attributes
                0x00000db3       0x22 /usr/lib/gcc/arm-none-eabi/13.2.0/thumb/v7e-m+fp/hard/libgcc.a(_dvmd_tls.o)
 .ARM.attributes
                0x00000dd5       0x22 /usr/lib/gcc/arm-none-eabi/13.2.0/thumb/v7e-m+fp/hard/crtn.o
OUTPUT(build/6020_PTZ_Makefile.elf elf32-littlearm)
LOAD linker stubs
LOAD /usr/lib/gcc/arm-none-eabi/13.2.0/../../../../arm-none-eabi/lib/thumb/v7e-m+fp/hard/libc.a
LOAD /usr/lib/gcc/arm-none-eabi/13.2.0/../../../../arm-none-eabi/lib/thumb/v7e-m+fp/hard/libm.a
LOAD /usr/lib/gcc/arm-none-eabi/13.2.0/thumb/v7e-m+fp/hard/libgcc.a

.debug_info     0x00000000    0x2fbb3
 .debug_info    0x00000000     0x2d4a build/main.o
 .debug_info    0x00002d4a     0x149a build/stm32f4xx_it.o
 .debug_info    0x000041e4      0x2eb build/stm32f4xx_hal_msp.o
 .debug_info    0x000044cf      0x54a build/gpio.o
 .debug_info    0x00004a19      0xd21 build/can.o
 .debug_info    0x0000573a      0xe8d build/i2c.o
 .debug_info    0x000065c7      0xe10 build/usart.o
 .debug_info    0x000073d7      0x599 build/pid.o
 .debug_info    0x00007970      0xc2f build/bsp_can.o
 .debug_info    0x0000859f      0x758 build/usb_device.o
 .debug_info    0x00008cf7      0x668 build/usbd_desc.o
 .debug_info    0x0000935f     0x2482 build/usbd_conf.o
 .debug_info    0x0000b7e1     0x1f31 build/stm32f4xx_hal_pcd.o
 .debug_info    0x0000d712      0x7b3 build/stm32f4xx_hal_pcd_ex.o
 .debug_info    0x0000dec5     0x2157 build/stm32f4xx_ll_usb.o
 .debug_info    0x0001001c      0xc0a build/stm32f4xx_hal_rcc.o
 .debug_info    0x00010c26      0x848 build/stm32f4xx_hal_gpio.o
 .debug_info    0x0001146e      0xbce build/stm32f4xx_hal_dma.o
 .debug_info    0x0001203c     0x1186 build/stm32f4xx_hal_cortex.o
 .debug_info    0x000131c2      0xafa build/stm32f4xx_hal.o
 .debug_info    0x00013cbc     0x1386 build/stm32f4xx_hal_can.o
 .debug_info    0x00015042     0x3bcc build/stm32f4xx_hal_i2c.o
 .debug_info    0x00018c0e     0x44af build/stm32f4xx_hal_uart.o
 .debug_info    0x0001d0bd      0x5b3 build/system_stm32f4xx.o
 .debug_info    0x0001d670     0x146e build/usbd_core.o
 .debug_info    0x0001eade     0x15bd build/usbd_ctlreq.o
 .debug_info    0x0002009b      0xa19 build/usbd_ioreq.o
 .debug_info    0x00020ab4      0xda2 build/usbd_hid.o
 .debug_info    0x00021856       0x30 build/startup_stm32f407xx.o
 .debug_info    0x00021886      0xfa9 /usr/lib/gcc/arm-none-eabi/13.2.0/../../../../arm-none-eabi/lib/thumb/v7e-m+fp/hard/libc_nano.a(libc_a-findfp.o)
 .debug_info    0x0002282f      0x7d2 /usr/lib/gcc/arm-none-eabi/13.2.0/../../../../arm-none-eabi/lib/thumb/v7e-m+fp/hard/libc_nano.a(libc_a-fwalk.o)
 .debug_info    0x00023001      0x83b /usr/lib/gcc/arm-none-eabi/13.2.0/../../../../arm-none-eabi/lib/thumb/v7e-m+fp/hard/libc_nano.a(libc_a-printf.o)
 .debug_info    0x0002383c      0x94a /usr/lib/gcc/arm-none-eabi/13.2.0/../../../../arm-none-eabi/lib/thumb/v7e-m+fp/hard/libc_nano.a(libc_a-puts.o)
 .debug_info    0x00024186      0xa54 /usr/lib/gcc/arm-none-eabi/13.2.0/../../../../arm-none-eabi/lib/thumb/v7e-m+fp/hard/libc_nano.a(libc_a-stdio.o)
 .debug_info    0x00024bda      0x868 /usr/lib/gcc/arm-none-eabi/13.2.0/../../../../arm-none-eabi/lib/thumb/v7e-m+fp/hard/libc_nano.a(libc_a-wbuf.o)
 .debug_info    0x00025442      0x7bb /usr/lib/gcc/arm-none-eabi/13.2.0/../../../../arm-none-eabi/lib/thumb/v7e-m+fp/hard/libc_nano.a(libc_a-wsetup.o)
 .debug_info    0x00025bfd       0xe0 /usr/lib/gcc/arm-none-eabi/13.2.0/../../../../arm-none-eabi/lib/thumb/v7e-m+fp/hard/libc_nano.a(libc_a-memset.o)
 .debug_info    0x00025cdd      0x756 /usr/lib/gcc/arm-none-eabi/13.2.0/../../../../arm-none-eabi/lib/thumb/v7e-m+fp/hard/libc_nano.a(libc_a-closer.o)
 .debug_info    0x00026433      0x855 /usr/lib/gcc/arm-none-eabi/13.2.0/../../../../arm-none-eabi/lib/thumb/v7e-m+fp/hard/libc_nano.a(libc_a-reent.o)
 .debug_info    0x00026c88      0x715 /usr/lib/gcc/arm-none-eabi/13.2.0/../../../../arm-none-eabi/lib/thumb/v7e-m+fp/hard/libc_nano.a(libc_a-impure.o)
 .debug_info    0x0002739d      0x796 /usr/lib/gcc/arm-none-eabi/13.2.0/../../../../arm-none-eabi/lib/thumb/v7e-m+fp/hard/libc_nano.a(libc_a-lseekr.o)
 .debug_info    0x00027b33      0x7ad /usr/lib/gcc/arm-none-eabi/13.2.0/../../../../arm-none-eabi/lib/thumb/v7e-m+fp/hard/libc_nano.a(libc_a-readr.o)
 .debug_info    0x000282e0      0x7b3 /usr/lib/gcc/arm-none-eabi/13.2.0/../../../../arm-none-eabi/lib/thumb/v7e-m+fp/hard/libc_nano.a(libc_a-writer.o)
 .debug_info    0x00028a93      0x10b /usr/lib/gcc/arm-none-eabi/13.2.0/../../../../arm-none-eabi/lib/thumb/v7e-m+fp/hard/libc_nano.a(libc_a-init.o)
 .debug_info    0x00028b9e      0x20a /usr/lib/gcc/arm-none-eabi/13.2.0/../../../../arm-none-eabi/lib/thumb/v7e-m+fp/hard/libc_nano.a(libc_a-lock.o)
 .debug_info    0x00028da8      0x84b /usr/lib/gcc/arm-none-eabi/13.2.0/../../../../arm-none-eabi/lib/thumb/v7e-m+fp/hard/libc_nano.a(libc_a-freer.o)
 .debug_info    0x000295f3      0x9b6 /usr/lib/gcc/arm-none-eabi/13.2.0/../../../../arm-none-eabi/lib/thumb/v7e-m+fp/hard/libc_nano.a(libc_a-mallocr.o)
 .debug_info    0x00029fa9      0x76b /usr/lib/gcc/arm-none-eabi/13.2.0/../../../../arm-none-eabi/lib/thumb/v7e-m+fp/hard/libc_nano.a(libc_a-mlock.o)
 .debug_info    0x0002a714     0x107c /usr/lib/gcc/arm-none-eabi/13.2.0/../../../../arm-none-eabi/lib/thumb/v7e-m+fp/hard/libc_nano.a(libc_a-nano-vfprintf.o)
 .debug_info    0x0002b790      0xde2 /usr/lib/gcc/arm-none-eabi/13.2.0/../../../../arm-none-eabi/lib/thumb/v7e-m+fp/hard/libc_nano.a(libc_a-nano-vfprintf_i.o)
 .debug_info    0x0002c572      0x9f2 /usr/lib/gcc/arm-none-eabi/13.2.0/../../../../arm-none-eabi/lib/thumb/v7e-m+fp/hard/libc_nano.a(libc_a-fflush.o)
 .debug_info    0x0002cf64      0xb1a /usr/lib/gcc/arm-none-eabi/13.2.0/../../../../arm-none-eabi/lib/thumb/v7e-m+fp/hard/libc_nano.a(libc_a-makebuf.o)
 .debug_info    0x0002da7e      0x975 /usr/lib/gcc/arm-none-eabi/13.2.0/../../../../arm-none-eabi/lib/thumb/v7e-m+fp/hard/libc_nano.a(libc_a-fstatr.o)
 .debug_info    0x0002e3f3      0x756 /usr/lib/gcc/arm-none-eabi/13.2.0/../../../../arm-none-eabi/lib/thumb/v7e-m+fp/hard/libc_nano.a(libc_a-isattyr.o)
 .debug_info    0x0002eb49      0x77c /usr/lib/gcc/arm-none-eabi/13.2.0/../../../../arm-none-eabi/lib/thumb/v7e-m+fp/hard/libc_nano.a(libc_a-sbrkr.o)
 .debug_info    0x0002f2c5       0x25 /usr/lib/gcc/arm-none-eabi/13.2.0/../../../../arm-none-eabi/lib/thumb/v7e-m+fp/hard/libc_nano.a(libc_a-memchr.o)
 .debug_info    0x0002f2ea       0xd3 /usr/lib/gcc/arm-none-eabi/13.2.0/thumb/v7e-m+fp/hard/libgcc.a(_arm_addsubdf3.o)
 .debug_info    0x0002f3bd       0x57 /usr/lib/gcc/arm-none-eabi/13.2.0/thumb/v7e-m+fp/hard/libgcc.a(_arm_muldivdf3.o)
 .debug_info    0x0002f414       0x3c /usr/lib/gcc/arm-none-eabi/13.2.0/thumb/v7e-m+fp/hard/libgcc.a(_arm_fixdfsi.o)
 .debug_info    0x0002f450       0x24 /usr/lib/gcc/arm-none-eabi/13.2.0/thumb/v7e-m+fp/hard/libgcc.a(_aeabi_uldivmod.o)
 .debug_info    0x0002f474      0x703 /usr/lib/gcc/arm-none-eabi/13.2.0/thumb/v7e-m+fp/hard/libgcc.a(_udivmoddi4.o)
 .debug_info    0x0002fb77       0x3c /usr/lib/gcc/arm-none-eabi/13.2.0/thumb/v7e-m+fp/hard/libgcc.a(_dvmd_tls.o)

.debug_abbrev   0x00000000     0x7b0d
 .debug_abbrev  0x00000000      0x423 build/main.o
 .debug_abbrev  0x00000423      0x1cf build/stm32f4xx_it.o
 .debug_abbrev  0x000005f2       0xd3 build/stm32f4xx_hal_msp.o
 .debug_abbrev  0x000006c5      0x160 build/gpio.o
 .debug_abbrev  0x00000825      0x252 build/can.o
 .debug_abbrev  0x00000a77      0x226 build/i2c.o
 .debug_abbrev  0x00000c9d      0x22d build/usart.o
 .debug_abbrev  0x00000eca      0x1ca build/pid.o
 .debug_abbrev  0x00001094      0x269 build/bsp_can.o
 .debug_abbrev  0x000012fd      0x193 build/usb_device.o
 .debug_abbrev  0x00001490      0x208 build/usbd_desc.o
 .debug_abbrev  0x00001698      0x34b build/usbd_conf.o
 .debug_abbrev  0x000019e3      0x2fe build/stm32f4xx_hal_pcd.o
 .debug_abbrev  0x00001ce1      0x1c5 build/stm32f4xx_hal_pcd_ex.o
 .debug_abbrev  0x00001ea6      0x33d build/stm32f4xx_ll_usb.o
 .debug_abbrev  0x000021e3      0x2de build/stm32f4xx_hal_rcc.o
 .debug_abbrev  0x000024c1      0x22b build/stm32f4xx_hal_gpio.o
 .debug_abbrev  0x000026ec      0x2fe build/stm32f4xx_hal_dma.o
 .debug_abbrev  0x000029ea      0x3d3 build/stm32f4xx_hal_cortex.o
 .debug_abbrev  0x00002dbd      0x244 build/stm32f4xx_hal.o
 .debug_abbrev  0x00003001      0x281 build/stm32f4xx_hal_can.o
 .debug_abbrev  0x00003282      0x328 build/stm32f4xx_hal_i2c.o
 .debug_abbrev  0x000035aa      0x36f build/stm32f4xx_hal_uart.o
 .debug_abbrev  0x00003919      0x11b build/system_stm32f4xx.o
 .debug_abbrev  0x00003a34      0x2f7 build/usbd_core.o
 .debug_abbrev  0x00003d2b      0x359 build/usbd_ctlreq.o
 .debug_abbrev  0x00004084      0x195 build/usbd_ioreq.o
 .debug_abbrev  0x00004219      0x2fc build/usbd_hid.o
 .debug_abbrev  0x00004515       0x1d build/startup_stm32f407xx.o
 .debug_abbrev  0x00004532      0x424 /usr/lib/gcc/arm-none-eabi/13.2.0/../../../../arm-none-eabi/lib/thumb/v7e-m+fp/hard/libc_nano.a(libc_a-findfp.o)
 .debug_abbrev  0x00004956      0x19b /usr/lib/gcc/arm-none-eabi/13.2.0/../../../../arm-none-eabi/lib/thumb/v7e-m+fp/hard/libc_nano.a(libc_a-fwalk.o)
 .debug_abbrev  0x00004af1      0x21a /usr/lib/gcc/arm-none-eabi/13.2.0/../../../../arm-none-eabi/lib/thumb/v7e-m+fp/hard/libc_nano.a(libc_a-printf.o)
 .debug_abbrev  0x00004d0b      0x2a7 /usr/lib/gcc/arm-none-eabi/13.2.0/../../../../arm-none-eabi/lib/thumb/v7e-m+fp/hard/libc_nano.a(libc_a-puts.o)
 .debug_abbrev  0x00004fb2      0x221 /usr/lib/gcc/arm-none-eabi/13.2.0/../../../../arm-none-eabi/lib/thumb/v7e-m+fp/hard/libc_nano.a(libc_a-stdio.o)
 .debug_abbrev  0x000051d3      0x22d /usr/lib/gcc/arm-none-eabi/13.2.0/../../../../arm-none-eabi/lib/thumb/v7e-m+fp/hard/libc_nano.a(libc_a-wbuf.o)
 .debug_abbrev  0x00005400      0x1e2 /usr/lib/gcc/arm-none-eabi/13.2.0/../../../../arm-none-eabi/lib/thumb/v7e-m+fp/hard/libc_nano.a(libc_a-wsetup.o)
 .debug_abbrev  0x000055e2       0x9e /usr/lib/gcc/arm-none-eabi/13.2.0/../../../../arm-none-eabi/lib/thumb/v7e-m+fp/hard/libc_nano.a(libc_a-memset.o)
 .debug_abbrev  0x00005680      0x1b0 /usr/lib/gcc/arm-none-eabi/13.2.0/../../../../arm-none-eabi/lib/thumb/v7e-m+fp/hard/libc_nano.a(libc_a-closer.o)
 .debug_abbrev  0x00005830      0x1ed /usr/lib/gcc/arm-none-eabi/13.2.0/../../../../arm-none-eabi/lib/thumb/v7e-m+fp/hard/libc_nano.a(libc_a-reent.o)
 .debug_abbrev  0x00005a1d      0x149 /usr/lib/gcc/arm-none-eabi/13.2.0/../../../../arm-none-eabi/lib/thumb/v7e-m+fp/hard/libc_nano.a(libc_a-impure.o)
 .debug_abbrev  0x00005b66      0x1c4 /usr/lib/gcc/arm-none-eabi/13.2.0/../../../../arm-none-eabi/lib/thumb/v7e-m+fp/hard/libc_nano.a(libc_a-lseekr.o)
 .debug_abbrev  0x00005d2a      0x1b0 /usr/lib/gcc/arm-none-eabi/13.2.0/../../../../arm-none-eabi/lib/thumb/v7e-m+fp/hard/libc_nano.a(libc_a-readr.o)
 .debug_abbrev  0x00005eda      0x1b5 /usr/lib/gcc/arm-none-eabi/13.2.0/../../../../arm-none-eabi/lib/thumb/v7e-m+fp/hard/libc_nano.a(libc_a-writer.o)
 .debug_abbrev  0x0000608f       0xc9 /usr/lib/gcc/arm-none-eabi/13.2.0/../../../../arm-none-eabi/lib/thumb/v7e-m+fp/hard/libc_nano.a(libc_a-init.o)
 .debug_abbrev  0x00006158      0x115 /usr/lib/gcc/arm-none-eabi/13.2.0/../../../../arm-none-eabi/lib/thumb/v7e-m+fp/hard/libc_nano.a(libc_a-lock.o)
 .debug_abbrev  0x0000626d      0x236 /usr/lib/gcc/arm-none-eabi/13.2.0/../../../../arm-none-eabi/lib/thumb/v7e-m+fp/hard/libc_nano.a(libc_a-freer.o)
 .debug_abbrev  0x000064a3      0x24a /usr/lib/gcc/arm-none-eabi/13.2.0/../../../../arm-none-eabi/lib/thumb/v7e-m+fp/hard/libc_nano.a(libc_a-mallocr.o)
 .debug_abbrev  0x000066ed      0x1bf /usr/lib/gcc/arm-none-eabi/13.2.0/../../../../arm-none-eabi/lib/thumb/v7e-m+fp/hard/libc_nano.a(libc_a-mlock.o)
 .debug_abbrev  0x000068ac      0x316 /usr/lib/gcc/arm-none-eabi/13.2.0/../../../../arm-none-eabi/lib/thumb/v7e-m+fp/hard/libc_nano.a(libc_a-nano-vfprintf.o)
 .debug_abbrev  0x00006bc2      0x28e /usr/lib/gcc/arm-none-eabi/13.2.0/../../../../arm-none-eabi/lib/thumb/v7e-m+fp/hard/libc_nano.a(libc_a-nano-vfprintf_i.o)
 .debug_abbrev  0x00006e50      0x2b2 /usr/lib/gcc/arm-none-eabi/13.2.0/../../../../arm-none-eabi/lib/thumb/v7e-m+fp/hard/libc_nano.a(libc_a-fflush.o)
 .debug_abbrev  0x00007102      0x28e /usr/lib/gcc/arm-none-eabi/13.2.0/../../../../arm-none-eabi/lib/thumb/v7e-m+fp/hard/libc_nano.a(libc_a-makebuf.o)
 .debug_abbrev  0x00007390      0x1c3 /usr/lib/gcc/arm-none-eabi/13.2.0/../../../../arm-none-eabi/lib/thumb/v7e-m+fp/hard/libc_nano.a(libc_a-fstatr.o)
 .debug_abbrev  0x00007553      0x1b0 /usr/lib/gcc/arm-none-eabi/13.2.0/../../../../arm-none-eabi/lib/thumb/v7e-m+fp/hard/libc_nano.a(libc_a-isattyr.o)
 .debug_abbrev  0x00007703      0x1da /usr/lib/gcc/arm-none-eabi/13.2.0/../../../../arm-none-eabi/lib/thumb/v7e-m+fp/hard/libc_nano.a(libc_a-sbrkr.o)
 .debug_abbrev  0x000078dd       0x14 /usr/lib/gcc/arm-none-eabi/13.2.0/../../../../arm-none-eabi/lib/thumb/v7e-m+fp/hard/libc_nano.a(libc_a-memchr.o)
 .debug_abbrev  0x000078f1       0x28 /usr/lib/gcc/arm-none-eabi/13.2.0/thumb/v7e-m+fp/hard/libgcc.a(_arm_addsubdf3.o)
 .debug_abbrev  0x00007919       0x28 /usr/lib/gcc/arm-none-eabi/13.2.0/thumb/v7e-m+fp/hard/libgcc.a(_arm_muldivdf3.o)
 .debug_abbrev  0x00007941       0x28 /usr/lib/gcc/arm-none-eabi/13.2.0/thumb/v7e-m+fp/hard/libgcc.a(_arm_fixdfsi.o)
 .debug_abbrev  0x00007969       0x14 /usr/lib/gcc/arm-none-eabi/13.2.0/thumb/v7e-m+fp/hard/libgcc.a(_aeabi_uldivmod.o)
 .debug_abbrev  0x0000797d      0x16a /usr/lib/gcc/arm-none-eabi/13.2.0/thumb/v7e-m+fp/hard/libgcc.a(_udivmoddi4.o)
 .debug_abbrev  0x00007ae7       0x26 /usr/lib/gcc/arm-none-eabi/13.2.0/thumb/v7e-m+fp/hard/libgcc.a(_dvmd_tls.o)

.debug_loc      0x00000000    0x18615
 .debug_loc     0x00000000      0x540 build/main.o
 .debug_loc     0x00000540       0xe0 build/stm32f4xx_it.o
 .debug_loc     0x00000620       0x2c build/stm32f4xx_hal_msp.o
 .debug_loc     0x0000064c       0x39 build/gpio.o
 .debug_loc     0x00000685      0x120 build/can.o
 .debug_loc     0x000007a5       0xfd build/i2c.o
 .debug_loc     0x000008a2      0x120 build/usart.o
 .debug_loc     0x000009c2      0x15b build/pid.o
 .debug_loc     0x00000b1d      0x21c build/bsp_can.o
 .debug_loc     0x00000d39       0x20 build/usb_device.o
 .debug_loc     0x00000d59      0x4e7 build/usbd_desc.o
 .debug_loc     0x00001240     0x10e5 build/usbd_conf.o
 .debug_loc     0x00002325     0x1946 build/stm32f4xx_hal_pcd.o
 .debug_loc     0x00003c6b      0x13d build/stm32f4xx_hal_pcd_ex.o
 .debug_loc     0x00003da8     0x2c3b build/stm32f4xx_ll_usb.o
 .debug_loc     0x000069e3      0x720 build/stm32f4xx_hal_rcc.o
 .debug_loc     0x00007103      0x60b build/stm32f4xx_hal_gpio.o
 .debug_loc     0x0000770e      0xe9a build/stm32f4xx_hal_dma.o
 .debug_loc     0x000085a8      0x8df build/stm32f4xx_hal_cortex.o
 .debug_loc     0x00008e87      0x1f9 build/stm32f4xx_hal.o
 .debug_loc     0x00009080     0x1127 build/stm32f4xx_hal_can.o
 .debug_loc     0x0000a1a7     0x54c9 build/stm32f4xx_hal_i2c.o
 .debug_loc     0x0000f670     0x52b6 build/stm32f4xx_hal_uart.o
 .debug_loc     0x00014926      0x181 build/system_stm32f4xx.o
 .debug_loc     0x00014aa7     0x115f build/usbd_core.o
 .debug_loc     0x00015c06     0x1ba4 build/usbd_ctlreq.o
 .debug_loc     0x000177aa      0x3f8 build/usbd_ioreq.o
 .debug_loc     0x00017ba2      0xa73 build/usbd_hid.o

.debug_aranges  0x00000000     0x17c0
 .debug_aranges
                0x00000000       0x80 build/main.o
 .debug_aranges
                0x00000080       0x90 build/stm32f4xx_it.o
 .debug_aranges
                0x00000110       0x20 build/stm32f4xx_hal_msp.o
 .debug_aranges
                0x00000130       0x20 build/gpio.o
 .debug_aranges
                0x00000150       0x38 build/can.o
 .debug_aranges
                0x00000188       0x30 build/i2c.o
 .debug_aranges
                0x000001b8       0x30 build/usart.o
 .debug_aranges
                0x000001e8       0x40 build/pid.o
 .debug_aranges